BL51 BANKED LINKER/LOCATER V6.22                                                        11/15/2018  14:05:33  PAGE 1


BL51 BANKED LINKER/LOCATER V6.22, INVOKED BY:
F:\KECHUANG\KECHAUNGRUANJAIN\KEIL4\C51\BIN\BL51.EXE STARTUP.obj, main.obj, lcd.obj, ds1302.obj, oled.obj, temp.obj, i2c.
>> obj TO pro


MEMORY MODEL: SMALL WITH FLOATING POINT ARITHMETIC


INPUT MODULES INCLUDED:
  STARTUP.obj (?C_STARTUP)
  main.obj (MAIN)
  lcd.obj (LCD)
  ds1302.obj (DS1302)
  oled.obj (OLED)
  temp.obj (TEMP)
  i2c.obj (I2C)
  F:\KECHUANG\KECHAUNGRUANJAIN\KEIL4\C51\LIB\C51FPS.LIB (?C?FPADD)
  F:\KECHUANG\KECHAUNGRUANJAIN\KEIL4\C51\LIB\C51FPS.LIB (?C?FPMUL)
  F:\KECHUANG\KECHAUNGRUANJAIN\KEIL4\C51\LIB\C51FPS.LIB (?C?FCAST)
  F:\KECHUANG\KECHAUNGRUANJAIN\KEIL4\C51\LIB\C51FPS.LIB (?C?CASTF)
  F:\KECHUANG\KECHAUNGRUANJAIN\KEIL4\C51\LIB\C51FPS.LIB (?C?FPGETOPN)
  F:\KECHUANG\KECHAUNGRUANJAIN\KEIL4\C51\LIB\C51S.LIB (?C_INIT)
  F:\KECHUANG\KECHAUNGRUANJAIN\KEIL4\C51\LIB\C51S.LIB (?C?COPY)
  F:\KECHUANG\KECHAUNGRUANJAIN\KEIL4\C51\LIB\C51S.LIB (?C?CLDOPTR)
  F:\KECHUANG\KECHAUNGRUANJAIN\KEIL4\C51\LIB\C51S.LIB (?C?IMUL)
  F:\KECHUANG\KECHAUNGRUANJAIN\KEIL4\C51\LIB\C51S.LIB (?C?UIDIV)
  F:\KECHUANG\KECHAUNGRUANJAIN\KEIL4\C51\LIB\C51S.LIB (?C?SIDIV)
  F:\KECHUANG\KECHAUNGRUANJAIN\KEIL4\C51\LIB\C51S.LIB (?C?LNEG)


LINK MAP OF MODULE:  pro (?C_STARTUP)


            TYPE    BASE      LENGTH    RELOCATION   SEGMENT NAME
            -----------------------------------------------------

            * * * * * * *   D A T A   M E M O R Y   * * * * * * *
            REG     0000H     0008H     ABSOLUTE     "REG BANK 0"
            DATA    0008H     004CH     UNIT         ?DT?MAIN
            DATA    0054H     001AH     UNIT         _DATA_GROUP_
            DATA    006EH     0007H     UNIT         ?DT?DS1302
            DATA    0075H     0007H     UNIT         ?DT?_OLED_SHOWSTRING?OLED
            DATA    007CH     0002H     UNIT         ?DT?_FILL_PICTURE?OLED
            DATA    007EH     0001H     UNIT         ?DT?OLED_ON?OLED
            IDATA   007FH     0001H     UNIT         ?STACK

            * * * * * * *   C O D E   M E M O R Y   * * * * * * *
            CODE    0000H     0003H     ABSOLUTE     
            CODE    0003H     0008H     UNIT         ?PR?DS18B20CHANGTEMP?TEMP
            CODE    000BH     0003H     ABSOLUTE     
            CODE    000EH     000CH     UNIT         ?PR?_LCDWRITECOM?LCD
                    001AH     0001H                  *** GAP ***
            CODE    001BH     0003H     ABSOLUTE     
            CODE    001EH     6FF9H     UNIT         ?PR?MAIN?MAIN
            CODE    7017H     0908H     UNIT         ?CO?OLED
            CODE    791FH     048BH     UNIT         ?C?LIB_CODE
            CODE    7DAAH     0125H     UNIT         ?PR?_OLEDDISPLAY?MAIN
            CODE    7ECFH     00E0H     UNIT         ?PR?OLED_INIT?OLED
BL51 BANKED LINKER/LOCATER V6.22                                                      11/15/2018  14:05:33  PAGE 2


            CODE    7FAFH     00C7H     UNIT         ?PR?LCDDISPLAY?MAIN
            CODE    8076H     0092H     UNIT         ?PR?_OLED_SHOWCHAR?OLED
            CODE    8108H     008CH     UNIT         ?C_C51STARTUP
            CODE    8194H     007EH     UNIT         ?PR?TIMER0?MAIN
            CODE    8212H     007AH     UNIT         ?PR?_OLED_SHOWNUM?OLED
            CODE    828CH     0076H     UNIT         ?C_INITSEG
            CODE    8302H     0069H     UNIT         ?PR?_OLED_DRAWBMP?OLED
            CODE    836BH     0057H     UNIT         ?PR?TIMER1?MAIN
            CODE    83C2H     004AH     UNIT         ?PR?_DS1302READ?DS1302
            CODE    840CH     0048H     UNIT         ?PR?DIGDISPLAY?MAIN
            CODE    8454H     0042H     UNIT         ?PR?_LCD1602_DELAY1MS?LCD
            CODE    8496H     0042H     UNIT         ?PR?_DS18B20WRITEBYTE?TEMP
            CODE    84D8H     0041H     UNIT         ?PR?_I2CSENDBYTE?I2C
            CODE    8519H     0040H     UNIT         ?PR?_OLED_SHOWSTRING?OLED
            CODE    8559H     003EH     UNIT         ?PR?DS18B20READBYTE?TEMP
            CODE    8597H     0035H     UNIT         ?PR?_DS1302WRITE?DS1302
            CODE    85CCH     002CH     UNIT         ?PR?_OLED_WR_BYTE?OLED
            CODE    85F8H     002CH     UNIT         ?PR?_OLED_SET_POS?OLED
            CODE    8624H     002CH     UNIT         ?PR?DS18B20INIT?TEMP
            CODE    8650H     0026H     UNIT         ?PR?_WRITE_IIC_BYTE?OLED
            CODE    8676H     0026H     UNIT         ?PR?I2CREADBYTE?I2C
            CODE    869CH     0023H     UNIT         ?PR?DS1302INIT?DS1302
            CODE    86BFH     0023H     UNIT         ?PR?_FILL_PICTURE?OLED
            CODE    86E2H     0022H     UNIT         ?PR?_AT24C02READ?I2C
            CODE    8704H     0021H     UNIT         ?PR?OLED_ON?OLED
            CODE    8725H     0020H     UNIT         ?PR?OLED_CLEAR?OLED
            CODE    8745H     001EH     UNIT         ?PR?LCDINIT?LCD
            CODE    8763H     001EH     UNIT         ?PR?_DELAY_50MS?OLED
            CODE    8781H     001EH     UNIT         ?PR?_DELAY1MS?TEMP
            CODE    879FH     001AH     UNIT         ?PR?_DELAY_MS?OLED
            CODE    87B9H     0019H     UNIT         ?PR?_AT24C02WRITE?I2C
            CODE    87D2H     0018H     UNIT         ?PR?_OLED_POW?OLED
            CODE    87EAH     0017H     UNIT         ?PR?OLED_DISPLAY_ON?OLED
            CODE    8801H     0017H     UNIT         ?PR?DS18B20READTEMP?TEMP
            CODE    8818H     0016H     UNIT         ?CO?MAIN
            CODE    882EH     0016H     UNIT         ?PR?DS1302READTIME?DS1302
            CODE    8844H     0016H     UNIT         ?PR?_DELAY_1MS?OLED
            CODE    885AH     0013H     UNIT         ?PR?DELAY10MS?MAIN
            CODE    886DH     0011H     UNIT         ?PR?OLED_DISPLAY_OFF?OLED
            CODE    887EH     0010H     UNIT         ?PR?TIMER0INIT?MAIN
            CODE    888EH     0010H     UNIT         ?PR?TIMER1INIT?MAIN
            CODE    889EH     0010H     UNIT         ?PR?IIC_WAIT_ACK?OLED
            CODE    88AEH     000FH     UNIT         ?PR?I2CSTART?I2C
            CODE    88BDH     000EH     UNIT         ?CO?DS1302
            CODE    88CBH     000EH     UNIT         ?PR?_WRITE_IIC_COMMAND?OLED
            CODE    88D9H     000EH     UNIT         ?PR?_WRITE_IIC_DATA?OLED
            CODE    88E7H     000EH     UNIT         ?PR?DELAY10US?I2C
            CODE    88F5H     000CH     UNIT         ?PR?_LCDWRITEDATA?LCD
            CODE    8901H     000BH     UNIT         ?PR?_DELAY?MAIN
            CODE    890CH     000AH     UNIT         ?PR?I2CSTOP?I2C
            CODE    8916H     0009H     UNIT         ?PR?IIC_START?OLED
            CODE    891FH     0008H     UNIT         ?PR?DS18B20READTEMPCOM?TEMP
            CODE    8927H     0007H     UNIT         ?PR?INT0CONFIGURATION?MAIN
            CODE    892EH     0007H     UNIT         ?PR?IIC_STOP?OLED



BL51 BANKED LINKER/LOCATER V6.22                                                      11/15/2018  14:05:33  PAGE 3


OVERLAY MAP OF MODULE:   pro (?C_STARTUP)


SEGMENT                               DATA_GROUP 
  +--> CALLED SEGMENT               START    LENGTH
---------------------------------------------------
?C_C51STARTUP                       -----    -----
  +--> ?PR?MAIN?MAIN
  +--> ?C_INITSEG

?PR?MAIN?MAIN                       -----    -----
  +--> ?PR?INT0CONFIGURATION?MAIN
  +--> ?PR?OLED_INIT?OLED
  +--> ?PR?OLED_CLEAR?OLED
  +--> ?PR?TIMER0INIT?MAIN
  +--> ?PR?TIMER1INIT?MAIN
  +--> ?PR?DS18B20INIT?TEMP
  +--> ?PR?DELAY10MS?MAIN
  +--> ?PR?DS1302READTIME?DS1302
  +--> ?CO?OLED
  +--> ?PR?_OLED_DRAWBMP?OLED
  +--> ?PR?_OLED_SHOWNUM?OLED
  +--> ?PR?_OLED_SHOWCHAR?OLED
  +--> ?PR?DS18B20READTEMP?TEMP
  +--> ?PR?_OLEDDISPLAY?MAIN
  +--> ?PR?DS1302INIT?DS1302

?PR?OLED_INIT?OLED                  -----    -----
  +--> ?PR?_OLED_WR_BYTE?OLED

?PR?_OLED_WR_BYTE?OLED              -----    -----
  +--> ?PR?_WRITE_IIC_DATA?OLED
  +--> ?PR?_WRITE_IIC_COMMAND?OLED

?PR?_WRITE_IIC_DATA?OLED            -----    -----
  +--> ?PR?_WRITE_IIC_BYTE?OLED
  +--> ?PR?IIC_WAIT_ACK?OLED
  +--> ?PR?IIC_STOP?OLED

?PR?_WRITE_IIC_BYTE?OLED            -----    -----
  +--> ?PR?IIC_START?OLED

?PR?IIC_WAIT_ACK?OLED               -----    -----
  +--> ?PR?_WRITE_IIC_BYTE?OLED

?PR?_WRITE_IIC_COMMAND?OLED         -----    -----
  +--> ?PR?_WRITE_IIC_BYTE?OLED
  +--> ?PR?IIC_WAIT_ACK?OLED
  +--> ?PR?IIC_STOP?OLED

?PR?OLED_CLEAR?OLED                 0054H    0001H
  +--> ?PR?_OLED_WR_BYTE?OLED

?PR?DS1302READTIME?DS1302           -----    -----
  +--> ?CO?DS1302
  +--> ?PR?_DS1302READ?DS1302

BL51 BANKED LINKER/LOCATER V6.22                                                      11/15/2018  14:05:33  PAGE 4


?PR?_OLED_DRAWBMP?OLED              0054H    000BH
  +--> ?PR?_OLED_SET_POS?OLED
  +--> ?PR?_OLED_WR_BYTE?OLED

?PR?_OLED_SET_POS?OLED              -----    -----
  +--> ?PR?_OLED_WR_BYTE?OLED

?PR?_OLED_SHOWNUM?OLED              0060H    0009H
  +--> ?PR?_OLED_POW?OLED
  +--> ?PR?_OLED_SHOWCHAR?OLED

?PR?_OLED_POW?OLED                  0069H    0001H

?PR?_OLED_SHOWCHAR?OLED             0069H    0005H
  +--> ?PR?_OLED_SET_POS?OLED
  +--> ?CO?OLED
  +--> ?PR?_OLED_WR_BYTE?OLED

?PR?DS18B20READTEMP?TEMP            0054H    0001H
  +--> ?PR?DS18B20CHANGTEMP?TEMP
  +--> ?PR?DS18B20READTEMPCOM?TEMP
  +--> ?PR?DS18B20READBYTE?TEMP

?PR?DS18B20CHANGTEMP?TEMP           -----    -----
  +--> ?PR?_DS18B20WRITEBYTE?TEMP

?PR?_DS18B20WRITEBYTE?TEMP          0055H    0002H
  +--> ?PR?DS18B20INIT?TEMP
  +--> ?PR?_DELAY1MS?TEMP

?PR?DS18B20READTEMPCOM?TEMP         -----    -----
  +--> ?PR?_DS18B20WRITEBYTE?TEMP

?PR?_OLEDDISPLAY?MAIN               0054H    000CH
  +--> ?CO?MAIN
  +--> ?PR?_OLED_SHOWCHAR?OLED
  +--> ?PR?_OLED_SHOWNUM?OLED

?PR?DS1302INIT?DS1302               -----    -----
  +--> ?PR?_DS1302WRITE?DS1302
  +--> ?CO?DS1302

*** NEW ROOT ***************************************************

?PR?TIMER0?MAIN                     -----    -----
  +--> ?CO?MAIN
  +--> ?PR?DIGDISPLAY?MAIN

?PR?DIGDISPLAY?MAIN                 -----    -----
  +--> ?PR?_DELAY?MAIN



SYMBOL TABLE OF MODULE:  pro (?C_STARTUP)

  VALUE           TYPE          NAME
  ----------------------------------
BL51 BANKED LINKER/LOCATER V6.22                                                      11/15/2018  14:05:33  PAGE 5



  -------         MODULE        ?C_STARTUP
  C:8108H         SEGMENT       ?C_C51STARTUP
  I:007FH         SEGMENT       ?STACK
  C:0000H         PUBLIC        ?C_STARTUP
  D:00E0H         SYMBOL        ACC
  D:00F0H         SYMBOL        B
  D:0083H         SYMBOL        DPH
  D:0082H         SYMBOL        DPL
  N:0000H         SYMBOL        IBPSTACK
  N:0100H         SYMBOL        IBPSTACKTOP
  N:0080H         SYMBOL        IDATALEN
  C:810BH         SYMBOL        IDATALOOP
  N:0000H         SYMBOL        PBPSTACK
  N:0100H         SYMBOL        PBPSTACKTOP
  N:0000H         SYMBOL        PDATALEN
  N:0000H         SYMBOL        PDATASTART
  N:0000H         SYMBOL        PPAGE
  N:0000H         SYMBOL        PPAGEENABLE
  D:00A0H         SYMBOL        PPAGE_SFR
  D:0081H         SYMBOL        SP
  C:8108H         SYMBOL        STARTUP1
  N:0000H         SYMBOL        XBPSTACK
  N:0000H         SYMBOL        XBPSTACKTOP
  N:0000H         SYMBOL        XDATALEN
  N:0000H         SYMBOL        XDATASTART
  C:0000H         LINE#         126
  C:8108H         LINE#         133
  C:810AH         LINE#         134
  C:810BH         LINE#         135
  C:810CH         LINE#         136
  C:810EH         LINE#         185
  C:8111H         LINE#         196
  -------         ENDMOD        ?C_STARTUP

  -------         MODULE        MAIN
  C:0000H         SYMBOL        _ICE_DUMMY_
  B:0090H.4       PUBLIC        key4
  B:0090H.7       PUBLIC        key5
  D:0080H         PUBLIC        P0
  D:0090H         PUBLIC        P1
  D:00A0H         PUBLIC        P2
  D:00B0H         PUBLIC        P3
  B:00A8H.7       PUBLIC        EA
  C:8901H         PUBLIC        _delay
  D:000CH         PUBLIC        a1
  D:000DH         PUBLIC        a2
  D:000EH         PUBLIC        e1
  D:000FH         PUBLIC        SetPlace
  D:0010H         PUBLIC        e2
  B:00A0H.4       PUBLIC        k1
  B:00A0H.5       PUBLIC        k2
  B:00A0H.3       PUBLIC        beep
  D:0011H         PUBLIC        m1
  B:00A0H.6       PUBLIC        k3
  D:0012H         PUBLIC        m2
  B:00A0H.7       PUBLIC        k4
BL51 BANKED LINKER/LOCATER V6.22                                                      11/15/2018  14:05:33  PAGE 6


  D:0013H         PUBLIC        m3
  D:0014H         PUBLIC        m4
  D:0015H         PUBLIC        q1
  D:0016H         PUBLIC        m5
  D:0017H         PUBLIC        q2
  D:0018H         PUBLIC        s1
  D:001AH         PUBLIC        q3
  D:001BH         PUBLIC        s2
  D:001DH         PUBLIC        q4
  D:001EH         PUBLIC        s3
  D:0020H         PUBLIC        q5
  C:001EH         PUBLIC        main
  D:0021H         PUBLIC        SetState
  C:8194H         PUBLIC        Timer0
  C:836BH         PUBLIC        Timer1
  C:8860H         PUBLIC        Delay10ms
  D:0089H         PUBLIC        TMOD
  C:8927H         PUBLIC        Int0Configuration
  C:8829H         SYMBOL        _?ix1000
  B:00A8H.1       PUBLIC        ET0
  B:00A8H.3       PUBLIC        ET1
  C:887EH         PUBLIC        Timer0Init
  C:888EH         PUBLIC        Timer1Init
  D:008CH         PUBLIC        TH0
  B:00A8H.0       PUBLIC        EX0
  B:0088H.0       PUBLIC        IT0
  D:008DH         PUBLIC        TH1
  D:008AH         PUBLIC        TL0
  D:008BH         PUBLIC        TL1
  B:0080H.7       PUBLIC        dp
  B:0088H.4       PUBLIC        TR0
  D:0022H         PUBLIC        DisplayData
  B:0088H.6       PUBLIC        TR1
  C:7DAAH         PUBLIC        _oLedDisplay
  D:002AH         PUBLIC        TIME1
  D:0031H         PUBLIC        TIME2
  D:0038H         PUBLIC        TIME3
  D:003FH         PUBLIC        TIME4
  D:0046H         PUBLIC        TIME5
  D:004DH         PUBLIC        TIME6
  C:7FAFH         PUBLIC        LcdDisplay
  C:840CH         PUBLIC        DigDisplay
  C:8818H         PUBLIC        smgduan
  B:0090H.3       PUBLIC        key1
  B:0090H.6       PUBLIC        key2
  B:0090H.5       PUBLIC        key3
  -------         PROC          _DELAY
  D:0006H         SYMBOL        i
  C:8901H         LINE#         69
  C:8901H         LINE#         70
  C:8901H         LINE#         71
  C:890BH         LINE#         72
  -------         ENDPROC       _DELAY
  -------         PROC          DIGDISPLAY
  -------         DO            
  D:0005H         SYMBOL        i
  -------         ENDDO         
BL51 BANKED LINKER/LOCATER V6.22                                                      11/15/2018  14:05:33  PAGE 7


  C:840CH         LINE#         77
  C:840CH         LINE#         78
  C:840CH         LINE#         80
  C:840EH         LINE#         81
  C:840EH         LINE#         82
  C:841CH         LINE#         83
  C:841CH         LINE#         85
  C:841CH         LINE#         86
  C:8422H         LINE#         87
  C:8422H         LINE#         88
  C:842CH         LINE#         89
  C:842CH         LINE#         90
  C:8436H         LINE#         91
  C:8436H         LINE#         92
  C:843EH         LINE#         94
  C:843EH         LINE#         95
  C:8445H         LINE#         96
  C:844CH         LINE#         97
  C:844FH         LINE#         98
  C:8453H         LINE#         99
  -------         ENDPROC       DIGDISPLAY
  -------         PROC          TIMER0INIT
  C:887EH         LINE#         100
  C:887EH         LINE#         101
  C:887EH         LINE#         102
  C:8881H         LINE#         104
  C:8884H         LINE#         105
  C:8887H         LINE#         106
  C:8889H         LINE#         107
  C:888BH         LINE#         108
  C:888DH         LINE#         109
  -------         ENDPROC       TIMER0INIT
  -------         PROC          _OLEDDISPLAY
  D:0054H         SYMBOL        temp
  -------         DO            
  D:0056H         SYMBOL        i
  D:0057H         SYMBOL        datas
  D:005CH         SYMBOL        tp
  -------         ENDDO         
  C:7DAAH         LINE#         110
  C:7DAEH         LINE#         111
  C:7DAEH         LINE#         113
  C:7DC2H         LINE#         115
  C:7DCBH         LINE#         116
  C:7DCBH         LINE#         118
  C:7DD7H         LINE#         120
  C:7DDFH         LINE#         121
  C:7DE5H         LINE#         122
  C:7DE5H         LINE#         123
  C:7DE5H         LINE#         128
  C:7DE7H         LINE#         130
  C:7DE7H         LINE#         132
  C:7DF3H         LINE#         134
  C:7E03H         LINE#         136
  C:7E25H         LINE#         140
  C:7E25H         LINE#         141
  C:7E32H         LINE#         142
BL51 BANKED LINKER/LOCATER V6.22                                                      11/15/2018  14:05:33  PAGE 8


  C:7E4CH         LINE#         143
  C:7E66H         LINE#         144
  C:7E80H         LINE#         145
  C:7E8DH         LINE#         149
  C:7E9FH         LINE#         150
  C:7EB1H         LINE#         151
  C:7EBDH         LINE#         152
  -------         ENDPROC       _OLEDDISPLAY
  -------         PROC          TIMER1INIT
  C:888EH         LINE#         157
  C:888EH         LINE#         158
  C:888EH         LINE#         159
  C:8891H         LINE#         161
  C:8894H         LINE#         162
  C:8897H         LINE#         163
  C:8899H         LINE#         164
  C:889BH         LINE#         165
  C:889DH         LINE#         166
  -------         ENDPROC       TIMER1INIT
  -------         PROC          MAIN
  C:001EH         LINE#         175
  C:001EH         LINE#         176
  C:001EH         LINE#         178
  C:0021H         LINE#         179
  C:0024H         LINE#         180
  C:0027H         LINE#         182
  C:002AH         LINE#         183
  C:002DH         LINE#         184
  C:0030H         LINE#         187
  C:0030H         LINE#         188
  C:0030H         LINE#         189
  C:0033H         LINE#         190
  C:0033H         LINE#         191
  C:0035H         LINE#         192
  C:003FH         LINE#         194
  C:004EH         LINE#         195
  C:0051H         LINE#         199
  C:0074H         LINE#         200
  C:0096H         LINE#         201
  C:00ABH         LINE#         202
  C:00CEH         LINE#         203
  C:00F0H         LINE#         204
  C:0105H         LINE#         205
  C:0128H         LINE#         206
  C:014AH         LINE#         210
  C:015AH         LINE#         213
  C:0169H         LINE#         214
  C:017EH         LINE#         216
  C:0192H         LINE#         217
  C:019EH         LINE#         218
  C:01B3H         LINE#         219
  C:01C7H         LINE#         220
  C:01D3H         LINE#         221
  C:01E8H         LINE#         222
  C:01FCH         LINE#         225
  C:021EH         LINE#         226
  C:0233H         LINE#         227
BL51 BANKED LINKER/LOCATER V6.22                                                      11/15/2018  14:05:33  PAGE 9


  C:0248H         LINE#         229
  C:025DH         LINE#         230
  C:0272H         LINE#         232
  C:0278H         LINE#         233
  C:0283H         LINE#         234
  C:02D1H         LINE#         235
  C:02D7H         LINE#         236
  C:0325H         LINE#         237
  C:032BH         LINE#         238
  C:0379H         LINE#         239
  C:037FH         LINE#         240
  C:03CDH         LINE#         241
  C:03D3H         LINE#         242
  C:0421H         LINE#         243
  C:0427H         LINE#         244
  C:0475H         LINE#         245
  C:047BH         LINE#         248
  C:048DH         LINE#         249
  C:048DH         LINE#         251
  C:04B1H         LINE#         252
  C:04B1H         LINE#         254
  C:04B4H         LINE#         255
  C:04B4H         LINE#         256
  C:04B6H         LINE#         257
  C:04C0H         LINE#         258
  C:04CFH         LINE#         262
  C:04D2H         LINE#         263
  C:04D5H         LINE#         264
  C:04D5H         LINE#         265
  C:04E7H         LINE#         269
  C:050AH         LINE#         270
  C:052CH         LINE#         271
  C:0541H         LINE#         272
  C:0564H         LINE#         273
  C:0586H         LINE#         274
  C:059BH         LINE#         275
  C:05BEH         LINE#         276
  C:05E0H         LINE#         280
  C:05F0H         LINE#         283
  C:05FFH         LINE#         284
  C:0614H         LINE#         286
  C:0628H         LINE#         287
  C:0634H         LINE#         288
  C:0649H         LINE#         289
  C:065DH         LINE#         290
  C:0669H         LINE#         291
  C:067EH         LINE#         292
  C:0692H         LINE#         295
  C:06B4H         LINE#         296
  C:06C9H         LINE#         297
  C:06DEH         LINE#         299
  C:06F3H         LINE#         300
  C:0708H         LINE#         302
  C:070EH         LINE#         305
  C:0717H         LINE#         306
  C:071BH         LINE#         307
  C:071EH         LINE#         309
BL51 BANKED LINKER/LOCATER V6.22                                                      11/15/2018  14:05:33  PAGE 10


  C:0727H         LINE#         310
  C:0727H         LINE#         312
  C:073CH         LINE#         313
  C:0751H         LINE#         314
  C:0766H         LINE#         315
  C:077BH         LINE#         317
  C:0790H         LINE#         318
  C:07A5H         LINE#         319
  C:07BAH         LINE#         320
  C:07CFH         LINE#         323
  C:07E4H         LINE#         324
  C:07F9H         LINE#         325
  C:07FCH         LINE#         326
  C:07FCH         LINE#         327
  C:0802H         LINE#         328
  C:0820H         LINE#         329
  C:0823H         LINE#         330
  C:0823H         LINE#         331
  C:0843H         LINE#         332
  C:0846H         LINE#         333
  C:0846H         LINE#         334
  C:0866H         LINE#         336
  C:087AH         LINE#         337
  C:088BH         LINE#         338
  C:0894H         LINE#         339
  C:0897H         LINE#         340
  C:08A0H         LINE#         341
  C:08C3H         LINE#         342
  C:08E5H         LINE#         343
  C:08FAH         LINE#         344
  C:091DH         LINE#         345
  C:093FH         LINE#         346
  C:0954H         LINE#         347
  C:0977H         LINE#         348
  C:0999H         LINE#         351
  C:09AEH         LINE#         352
  C:09C3H         LINE#         354
  C:09D3H         LINE#         355
  C:09E2H         LINE#         356
  C:09F7H         LINE#         358
  C:0A0BH         LINE#         359
  C:0A17H         LINE#         360
  C:0A2CH         LINE#         361
  C:0A40H         LINE#         362
  C:0A4CH         LINE#         363
  C:0A61H         LINE#         364
  C:0A75H         LINE#         367
  C:0A78H         LINE#         368
  C:0A78H         LINE#         369
  C:0A86H         LINE#         371
  C:0A95H         LINE#         372
  C:0A98H         LINE#         373
  C:0A98H         LINE#         374
  C:0AA6H         LINE#         376
  C:0AB5H         LINE#         378
  C:0ABEH         LINE#         379
  C:0ABEH         LINE#         380
BL51 BANKED LINKER/LOCATER V6.22                                                      11/15/2018  14:05:33  PAGE 11


  C:0AC1H         LINE#         381
  C:0AC1H         LINE#         382
  C:0ACFH         LINE#         384
  C:0ADEH         LINE#         385
  C:0AE1H         LINE#         386
  C:0AE1H         LINE#         387
  C:0AEFH         LINE#         389
  C:0AFEH         LINE#         390
  C:0B36H         LINE#         392
  C:0B59H         LINE#         393
  C:0B7BH         LINE#         394
  C:0B90H         LINE#         395
  C:0BB3H         LINE#         396
  C:0BD5H         LINE#         397
  C:0BEAH         LINE#         398
  C:0C0DH         LINE#         399
  C:0C2FH         LINE#         401
  C:0C32H         LINE#         402
  C:0C32H         LINE#         403
  C:0C59H         LINE#         404
  C:0C5CH         LINE#         405
  C:0C5CH         LINE#         406
  C:0C83H         LINE#         410
  C:0C98H         LINE#         411
  C:0CADH         LINE#         413
  C:0CBDH         LINE#         414
  C:0CCCH         LINE#         416
  C:0CD8H         LINE#         417
  C:0CD8H         LINE#         418
  C:0CD8H         LINE#         419
  C:0CD8H         LINE#         420
  C:0CD8H         LINE#         421
  C:0CD8H         LINE#         422
  C:0CD8H         LINE#         423
  C:0CD8H         LINE#         424
  C:0CD8H         LINE#         425
  C:0CD8H         LINE#         426
  C:0CDBH         LINE#         427
  C:0CFEH         LINE#         428
  C:0D20H         LINE#         429
  C:0D35H         LINE#         430
  C:0D58H         LINE#         431
  C:0D7AH         LINE#         432
  C:0D8FH         LINE#         433
  C:0DB2H         LINE#         434
  C:0DD4H         LINE#         436
  C:0DD7H         LINE#         437
  C:0DD7H         LINE#         438
  C:0DFAH         LINE#         439
  C:0DFDH         LINE#         440
  C:0DFDH         LINE#         441
  C:0E20H         LINE#         445
  C:0E35H         LINE#         446
  C:0E4AH         LINE#         448
  C:0E5AH         LINE#         449
  C:0E69H         LINE#         450
  C:0E7EH         LINE#         453
BL51 BANKED LINKER/LOCATER V6.22                                                      11/15/2018  14:05:33  PAGE 12


  C:0E8AH         LINE#         454
  C:0E8AH         LINE#         455
  C:0E8AH         LINE#         456
  C:0E8AH         LINE#         457
  C:0E8AH         LINE#         458
  C:0E8AH         LINE#         459
  C:0E8AH         LINE#         460
  C:0E8AH         LINE#         461
  C:0E8AH         LINE#         462
  C:0E8DH         LINE#         463
  C:0EB0H         LINE#         464
  C:0ED2H         LINE#         465
  C:0EE7H         LINE#         466
  C:0F0AH         LINE#         467
  C:0F2CH         LINE#         468
  C:0F41H         LINE#         469
  C:0F64H         LINE#         470
  C:0F86H         LINE#         472
  C:0F89H         LINE#         473
  C:0F89H         LINE#         474
  C:0FB0H         LINE#         475
  C:0FB3H         LINE#         476
  C:0FB3H         LINE#         477
  C:0FDAH         LINE#         480
  C:0FEFH         LINE#         481
  C:1004H         LINE#         483
  C:1014H         LINE#         484
  C:1023H         LINE#         485
  C:1038H         LINE#         487
  C:104CH         LINE#         488
  C:1058H         LINE#         489
  C:1064H         LINE#         491
  C:1064H         LINE#         492
  C:1064H         LINE#         493
  C:1064H         LINE#         494
  C:1064H         LINE#         495
  C:1064H         LINE#         496
  C:1064H         LINE#         497
  C:1067H         LINE#         498
  C:108AH         LINE#         499
  C:10ACH         LINE#         500
  C:10C1H         LINE#         501
  C:10E4H         LINE#         502
  C:1106H         LINE#         503
  C:111BH         LINE#         504
  C:113EH         LINE#         505
  C:1160H         LINE#         506
  C:1163H         LINE#         507
  C:1163H         LINE#         508
  C:1186H         LINE#         509
  C:1189H         LINE#         510
  C:1189H         LINE#         511
  C:11ACH         LINE#         514
  C:11C1H         LINE#         515
  C:11D6H         LINE#         517
  C:11E6H         LINE#         518
  C:11F5H         LINE#         519
BL51 BANKED LINKER/LOCATER V6.22                                                      11/15/2018  14:05:33  PAGE 13


  C:120AH         LINE#         521
  C:121EH         LINE#         522
  C:122AH         LINE#         523
  C:123FH         LINE#         524
  C:124BH         LINE#         526
  C:124BH         LINE#         527
  C:124BH         LINE#         528
  C:124BH         LINE#         529
  C:124BH         LINE#         530
  C:124BH         LINE#         531
  C:124EH         LINE#         532
  C:1271H         LINE#         533
  C:1293H         LINE#         534
  C:12A8H         LINE#         535
  C:12CBH         LINE#         536
  C:12EDH         LINE#         537
  C:1302H         LINE#         538
  C:1325H         LINE#         539
  C:1347H         LINE#         540
  C:134AH         LINE#         541
  C:134AH         LINE#         542
  C:1371H         LINE#         543
  C:1374H         LINE#         544
  C:1374H         LINE#         545
  C:139BH         LINE#         548
  C:13B0H         LINE#         549
  C:13C5H         LINE#         551
  C:13D5H         LINE#         552
  C:13E4H         LINE#         553
  C:13F9H         LINE#         555
  C:140DH         LINE#         556
  C:1419H         LINE#         557
  C:142EH         LINE#         558
  C:1442H         LINE#         559
  C:144EH         LINE#         560
  C:145AH         LINE#         562
  C:145AH         LINE#         563
  C:145AH         LINE#         564
  C:145AH         LINE#         565
  C:145DH         LINE#         566
  C:1480H         LINE#         567
  C:14A2H         LINE#         568
  C:14B7H         LINE#         569
  C:14DAH         LINE#         570
  C:14FCH         LINE#         571
  C:1511H         LINE#         572
  C:1534H         LINE#         573
  C:1556H         LINE#         574
  C:1559H         LINE#         575
  C:1559H         LINE#         576
  C:157CH         LINE#         577
  C:157FH         LINE#         578
  C:157FH         LINE#         579
  C:15A2H         LINE#         582
  C:15B7H         LINE#         583
  C:15CCH         LINE#         585
  C:15DCH         LINE#         586
BL51 BANKED LINKER/LOCATER V6.22                                                      11/15/2018  14:05:33  PAGE 14


  C:15EBH         LINE#         587
  C:1600H         LINE#         589
  C:1614H         LINE#         590
  C:1620H         LINE#         591
  C:1635H         LINE#         592
  C:1649H         LINE#         593
  C:1655H         LINE#         594
  C:166AH         LINE#         595
  C:1676H         LINE#         597
  C:1676H         LINE#         598
  C:1676H         LINE#         599
  C:1679H         LINE#         600
  C:169CH         LINE#         601
  C:16BEH         LINE#         602
  C:16D3H         LINE#         603
  C:16F6H         LINE#         604
  C:1718H         LINE#         605
  C:172DH         LINE#         606
  C:1750H         LINE#         607
  C:1772H         LINE#         609
  C:1775H         LINE#         610
  C:1775H         LINE#         611
  C:179CH         LINE#         612
  C:179FH         LINE#         613
  C:179FH         LINE#         614
  C:17C6H         LINE#         617
  C:17DBH         LINE#         618
  C:17F0H         LINE#         620
  C:1800H         LINE#         621
  C:180FH         LINE#         622
  C:1824H         LINE#         624
  C:1838H         LINE#         625
  C:1844H         LINE#         626
  C:1859H         LINE#         627
  C:186DH         LINE#         628
  C:1879H         LINE#         629
  C:188EH         LINE#         630
  C:18A2H         LINE#         631
  C:18A2H         LINE#         632
  C:18A2H         LINE#         633
  C:18A5H         LINE#         634
  C:18C8H         LINE#         635
  C:18EAH         LINE#         636
  C:18FFH         LINE#         637
  C:1922H         LINE#         638
  C:1944H         LINE#         639
  C:1959H         LINE#         640
  C:197CH         LINE#         641
  C:199EH         LINE#         642
  C:19A1H         LINE#         643
  C:19A1H         LINE#         644
  C:19C4H         LINE#         645
  C:19C7H         LINE#         646
  C:19C7H         LINE#         647
  C:19EAH         LINE#         650
  C:19FFH         LINE#         651
  C:1A14H         LINE#         653
BL51 BANKED LINKER/LOCATER V6.22                                                      11/15/2018  14:05:33  PAGE 15


  C:1A24H         LINE#         654
  C:1A33H         LINE#         655
  C:1A48H         LINE#         657
  C:1A5CH         LINE#         658
  C:1A68H         LINE#         659
  C:1A7DH         LINE#         660
  C:1A91H         LINE#         661
  C:1A9DH         LINE#         662
  C:1AB2H         LINE#         663
  C:1AC6H         LINE#         664
  C:1AC6H         LINE#         665
  C:1AC6H         LINE#         666
  C:1AC9H         LINE#         667
  C:1AECH         LINE#         668
  C:1B0EH         LINE#         669
  C:1B23H         LINE#         670
  C:1B46H         LINE#         671
  C:1B68H         LINE#         672
  C:1B7DH         LINE#         673
  C:1BA0H         LINE#         674
  C:1BC2H         LINE#         675
  C:1BC5H         LINE#         676
  C:1BC5H         LINE#         677
  C:1BECH         LINE#         678
  C:1BEFH         LINE#         679
  C:1BEFH         LINE#         680
  C:1C16H         LINE#         683
  C:1C2BH         LINE#         684
  C:1C40H         LINE#         686
  C:1C50H         LINE#         687
  C:1C5FH         LINE#         688
  C:1C74H         LINE#         690
  C:1C88H         LINE#         691
  C:1C94H         LINE#         692
  C:1CA9H         LINE#         693
  C:1CBDH         LINE#         694
  C:1CC9H         LINE#         695
  C:1CDEH         LINE#         696
  C:1CF2H         LINE#         697
  C:1CF2H         LINE#         698
  C:1CF2H         LINE#         699
  C:1CF5H         LINE#         700
  C:1D18H         LINE#         701
  C:1D3AH         LINE#         702
  C:1D4FH         LINE#         703
  C:1D72H         LINE#         704
  C:1D94H         LINE#         705
  C:1DA9H         LINE#         706
  C:1DCCH         LINE#         707
  C:1DEEH         LINE#         709
  C:1DF1H         LINE#         710
  C:1DF1H         LINE#         711
  C:1E14H         LINE#         712
  C:1E17H         LINE#         713
  C:1E17H         LINE#         714
  C:1E3AH         LINE#         716
  C:1E4FH         LINE#         717
BL51 BANKED LINKER/LOCATER V6.22                                                      11/15/2018  14:05:33  PAGE 16


  C:1E64H         LINE#         719
  C:1E74H         LINE#         720
  C:1E83H         LINE#         721
  C:1E98H         LINE#         723
  C:1EACH         LINE#         724
  C:1EB8H         LINE#         725
  C:1ECDH         LINE#         726
  C:1EE1H         LINE#         727
  C:1EEDH         LINE#         728
  C:1F02H         LINE#         729
  C:1F16H         LINE#         730
  C:1F16H         LINE#         731
  C:1F16H         LINE#         732
  C:1F19H         LINE#         733
  C:1F3CH         LINE#         734
  C:1F5EH         LINE#         735
  C:1F73H         LINE#         736
  C:1F96H         LINE#         737
  C:1FB8H         LINE#         738
  C:1FCDH         LINE#         739
  C:1FF0H         LINE#         740
  C:2012H         LINE#         741
  C:2015H         LINE#         742
  C:2015H         LINE#         743
  C:203CH         LINE#         744
  C:203FH         LINE#         745
  C:203FH         LINE#         746
  C:2066H         LINE#         749
  C:207BH         LINE#         750
  C:2090H         LINE#         752
  C:20A0H         LINE#         753
  C:20AFH         LINE#         754
  C:20C4H         LINE#         756
  C:20D8H         LINE#         757
  C:20E4H         LINE#         758
  C:20F9H         LINE#         759
  C:210DH         LINE#         760
  C:2119H         LINE#         761
  C:212EH         LINE#         762
  C:2142H         LINE#         763
  C:2142H         LINE#         764
  C:2142H         LINE#         765
  C:2145H         LINE#         766
  C:2168H         LINE#         767
  C:218AH         LINE#         768
  C:219FH         LINE#         769
  C:21C2H         LINE#         770
  C:21E4H         LINE#         771
  C:21F9H         LINE#         772
  C:221CH         LINE#         773
  C:223EH         LINE#         774
  C:2241H         LINE#         775
  C:2241H         LINE#         776
  C:2264H         LINE#         777
  C:2267H         LINE#         778
  C:2267H         LINE#         779
  C:228AH         LINE#         782
BL51 BANKED LINKER/LOCATER V6.22                                                      11/15/2018  14:05:33  PAGE 17


  C:229FH         LINE#         783
  C:22B4H         LINE#         785
  C:22C4H         LINE#         786
  C:22D3H         LINE#         787
  C:22E8H         LINE#         789
  C:22FCH         LINE#         790
  C:2308H         LINE#         791
  C:231DH         LINE#         792
  C:2331H         LINE#         793
  C:233DH         LINE#         794
  C:2352H         LINE#         795
  C:2366H         LINE#         796
  C:2366H         LINE#         797
  C:2366H         LINE#         798
  C:2369H         LINE#         799
  C:238CH         LINE#         800
  C:23AEH         LINE#         801
  C:23C3H         LINE#         802
  C:23E6H         LINE#         803
  C:2408H         LINE#         804
  C:241DH         LINE#         805
  C:2440H         LINE#         806
  C:2462H         LINE#         807
  C:246AH         LINE#         810
  C:247FH         LINE#         811
  C:2494H         LINE#         813
  C:24A4H         LINE#         814
  C:24B3H         LINE#         815
  C:24C8H         LINE#         817
  C:24DCH         LINE#         818
  C:24E8H         LINE#         819
  C:24FDH         LINE#         820
  C:2511H         LINE#         821
  C:251DH         LINE#         822
  C:2532H         LINE#         823
  C:2546H         LINE#         824
  C:2546H         LINE#         825
  C:2546H         LINE#         826
  C:2549H         LINE#         827
  C:256CH         LINE#         828
  C:258EH         LINE#         829
  C:25A3H         LINE#         830
  C:25C6H         LINE#         831
  C:25E8H         LINE#         832
  C:25FDH         LINE#         833
  C:2620H         LINE#         834
  C:2642H         LINE#         835
  C:2645H         LINE#         836
  C:2645H         LINE#         837
  C:2668H         LINE#         838
  C:266BH         LINE#         839
  C:266BH         LINE#         840
  C:268EH         LINE#         845
  C:26A3H         LINE#         846
  C:26B8H         LINE#         848
  C:26C8H         LINE#         849
  C:26D7H         LINE#         850
BL51 BANKED LINKER/LOCATER V6.22                                                      11/15/2018  14:05:33  PAGE 18


  C:26ECH         LINE#         852
  C:2700H         LINE#         853
  C:270CH         LINE#         854
  C:2721H         LINE#         855
  C:2735H         LINE#         856
  C:2741H         LINE#         857
  C:2756H         LINE#         858
  C:276AH         LINE#         859
  C:278CH         LINE#         860
  C:27A1H         LINE#         861
  C:27B9H         LINE#         865
  C:27B9H         LINE#         872
  C:27B9H         LINE#         874
  C:27B9H         LINE#         876
  C:27B9H         LINE#         880
  C:27EDH         LINE#         881
  C:27EDH         LINE#         884
  C:2802H         LINE#         885
  C:2817H         LINE#         886
  C:282CH         LINE#         887
  C:2841H         LINE#         889
  C:2856H         LINE#         890
  C:286BH         LINE#         891
  C:2880H         LINE#         892
  C:2895H         LINE#         894
  C:28AAH         LINE#         895
  C:28BFH         LINE#         899
  C:28C2H         LINE#         900
  C:28C5H         LINE#         901
  C:28C5H         LINE#         902
  C:28C8H         LINE#         903
  C:28C8H         LINE#         904
  C:28E8H         LINE#         905
  C:28EBH         LINE#         906
  C:28EBH         LINE#         907
  C:290BH         LINE#         908
  C:2913H         LINE#         911
  C:292AH         LINE#         912
  C:292DH         LINE#         917
  C:2959H         LINE#         918
  C:2959H         LINE#         919
  C:296EH         LINE#         920
  C:2983H         LINE#         921
  C:2998H         LINE#         922
  C:29ADH         LINE#         924
  C:29C2H         LINE#         925
  C:29D7H         LINE#         926
  C:29ECH         LINE#         927
  C:2A01H         LINE#         928
  C:2A16H         LINE#         929
  C:2A2BH         LINE#         930
  C:2A2EH         LINE#         931
  C:2A2EH         LINE#         932
  C:2A4FH         LINE#         933
  C:2A52H         LINE#         934
  C:2A52H         LINE#         935
  C:2A72H         LINE#         936
BL51 BANKED LINKER/LOCATER V6.22                                                      11/15/2018  14:05:33  PAGE 19


  C:2A75H         LINE#         937
  C:2A75H         LINE#         938
  C:2A95H         LINE#         939
  C:2AA9H         LINE#         940
  C:2AB4H         LINE#         941
  C:2ABDH         LINE#         942
  C:2AC0H         LINE#         943
  C:2AD5H         LINE#         944
  C:2AEAH         LINE#         946
  C:2AFFH         LINE#         947
  C:2B14H         LINE#         949
  C:2B29H         LINE#         950
  C:2B3EH         LINE#         952
  C:2B3EH         LINE#         953
  C:2B3EH         LINE#         955
  C:2B3EH         LINE#         956
  C:2B3EH         LINE#         958
  C:2B3EH         LINE#         959
  C:2B3EH         LINE#         961
  C:2B3EH         LINE#         962
  C:2B41H         LINE#         964
  C:2B4AH         LINE#         965
  C:2B4AH         LINE#         966
  C:2B4DH         LINE#         967
  C:2B4DH         LINE#         968
  C:2B5BH         LINE#         970
  C:2B6AH         LINE#         971
  C:2B6DH         LINE#         972
  C:2B6DH         LINE#         973
  C:2B7BH         LINE#         975
  C:2B8AH         LINE#         978
  C:2BADH         LINE#         980
  C:2BADH         LINE#         981
  C:2BC2H         LINE#         982
  C:2BD7H         LINE#         984
  C:2BECH         LINE#         985
  C:2C01H         LINE#         987
  C:2C16H         LINE#         988
  C:2C2BH         LINE#         989
  C:2C2EH         LINE#         990
  C:2C31H         LINE#         991
  C:2C31H         LINE#         992
  C:2C3CH         LINE#         994
  C:2C48H         LINE#         995
  C:2C6BH         LINE#         996
  C:2C8DH         LINE#         997
  C:2CA2H         LINE#         998
  C:2CC5H         LINE#         999
  C:2CE7H         LINE#         1000
  C:2CFCH         LINE#         1001
  C:2D1FH         LINE#         1002
  C:2D41H         LINE#         1005
  C:2D41H         LINE#         1006
  C:2D44H         LINE#         1010
  C:2D4DH         LINE#         1011
  C:2D4DH         LINE#         1013
  C:2D50H         LINE#         1014
BL51 BANKED LINKER/LOCATER V6.22                                                      11/15/2018  14:05:33  PAGE 20


  C:2D50H         LINE#         1015
  C:2D5EH         LINE#         1017
  C:2D6DH         LINE#         1018
  C:2D70H         LINE#         1019
  C:2D70H         LINE#         1020
  C:2D7EH         LINE#         1022
  C:2D8DH         LINE#         1023
  C:2DB0H         LINE#         1026
  C:2DD3H         LINE#         1027
  C:2DF5H         LINE#         1028
  C:2E0AH         LINE#         1029
  C:2E2DH         LINE#         1030
  C:2E4FH         LINE#         1031
  C:2E64H         LINE#         1032
  C:2E87H         LINE#         1033
  C:2EA9H         LINE#         1034
  C:2EACH         LINE#         1035
  C:2EACH         LINE#         1036
  C:2ECAH         LINE#         1037
  C:2ECDH         LINE#         1038
  C:2ECDH         LINE#         1039
  C:2EEDH         LINE#         1043
  C:2EEDH         LINE#         1044
  C:2EF0H         LINE#         1045
  C:2F13H         LINE#         1046
  C:2F35H         LINE#         1047
  C:2F4AH         LINE#         1048
  C:2F6DH         LINE#         1049
  C:2F8FH         LINE#         1050
  C:2FA4H         LINE#         1051
  C:2FC7H         LINE#         1052
  C:2FE9H         LINE#         1053
  C:2FECH         LINE#         1054
  C:2FECH         LINE#         1055
  C:300CH         LINE#         1056
  C:300FH         LINE#         1057
  C:300FH         LINE#         1058
  C:302FH         LINE#         1062
  C:302FH         LINE#         1063
  C:3032H         LINE#         1064
  C:3055H         LINE#         1065
  C:3077H         LINE#         1066
  C:308CH         LINE#         1067
  C:30AFH         LINE#         1068
  C:30D1H         LINE#         1069
  C:30E6H         LINE#         1070
  C:3109H         LINE#         1071
  C:312BH         LINE#         1072
  C:312EH         LINE#         1073
  C:312EH         LINE#         1074
  C:3152H         LINE#         1075
  C:3155H         LINE#         1076
  C:3155H         LINE#         1077
  C:3179H         LINE#         1081
  C:3179H         LINE#         1082
  C:317CH         LINE#         1083
  C:319FH         LINE#         1084
BL51 BANKED LINKER/LOCATER V6.22                                                      11/15/2018  14:05:33  PAGE 21


  C:31C1H         LINE#         1085
  C:31D6H         LINE#         1086
  C:31F9H         LINE#         1087
  C:321BH         LINE#         1088
  C:3230H         LINE#         1089
  C:3253H         LINE#         1090
  C:3275H         LINE#         1092
  C:3278H         LINE#         1093
  C:3278H         LINE#         1094
  C:3298H         LINE#         1095
  C:329BH         LINE#         1096
  C:329BH         LINE#         1097
  C:32BBH         LINE#         1100
  C:32BBH         LINE#         1101
  C:32BEH         LINE#         1102
  C:32E1H         LINE#         1103
  C:3303H         LINE#         1104
  C:3318H         LINE#         1105
  C:333BH         LINE#         1106
  C:335DH         LINE#         1107
  C:3372H         LINE#         1108
  C:3395H         LINE#         1109
  C:33B7H         LINE#         1111
  C:33BAH         LINE#         1112
  C:33BAH         LINE#         1113
  C:33DEH         LINE#         1114
  C:33E1H         LINE#         1115
  C:33E1H         LINE#         1116
  C:3405H         LINE#         1119
  C:3405H         LINE#         1120
  C:3408H         LINE#         1121
  C:342BH         LINE#         1122
  C:344DH         LINE#         1123
  C:3462H         LINE#         1124
  C:3485H         LINE#         1125
  C:34A7H         LINE#         1126
  C:34BCH         LINE#         1127
  C:34DFH         LINE#         1128
  C:3501H         LINE#         1129
  C:3504H         LINE#         1130
  C:3504H         LINE#         1131
  C:3524H         LINE#         1132
  C:3527H         LINE#         1133
  C:3527H         LINE#         1134
  C:3547H         LINE#         1138
  C:355CH         LINE#         1139
  C:356BH         LINE#         1140
  C:358EH         LINE#         1141
  C:35B0H         LINE#         1142
  C:35C5H         LINE#         1143
  C:35E8H         LINE#         1144
  C:360AH         LINE#         1145
  C:361FH         LINE#         1146
  C:3642H         LINE#         1147
  C:3664H         LINE#         1149
  C:3667H         LINE#         1150
  C:366AH         LINE#         1151
BL51 BANKED LINKER/LOCATER V6.22                                                      11/15/2018  14:05:33  PAGE 22


  C:366AH         LINE#         1153
  C:367FH         LINE#         1154
  C:3694H         LINE#         1156
  C:3694H         LINE#         1157
  C:3697H         LINE#         1158
  C:3697H         LINE#         1164
  C:3697H         LINE#         1165
  C:3697H         LINE#         1167
  C:3697H         LINE#         1168
  C:3697H         LINE#         1170
  C:3697H         LINE#         1171
  C:3697H         LINE#         1173
  C:3697H         LINE#         1174
  C:3697H         LINE#         1178
  C:369AH         LINE#         1179
  C:36AFH         LINE#         1180
  C:36C4H         LINE#         1182
  C:36D9H         LINE#         1183
  C:36EEH         LINE#         1185
  C:3703H         LINE#         1186
  C:3718H         LINE#         1187
  C:371BH         LINE#         1188
  C:371EH         LINE#         1189
  C:371EH         LINE#         1190
  C:3729H         LINE#         1192
  C:3735H         LINE#         1193
  C:3758H         LINE#         1194
  C:377AH         LINE#         1195
  C:378FH         LINE#         1196
  C:37B2H         LINE#         1197
  C:37D4H         LINE#         1198
  C:37E9H         LINE#         1199
  C:380CH         LINE#         1200
  C:382EH         LINE#         1203
  C:382EH         LINE#         1204
  C:3831H         LINE#         1208
  C:383AH         LINE#         1209
  C:383AH         LINE#         1211
  C:383DH         LINE#         1212
  C:383DH         LINE#         1213
  C:384BH         LINE#         1215
  C:385AH         LINE#         1216
  C:385DH         LINE#         1217
  C:385DH         LINE#         1218
  C:386BH         LINE#         1220
  C:387AH         LINE#         1221
  C:389DH         LINE#         1224
  C:38C0H         LINE#         1225
  C:38E2H         LINE#         1226
  C:38F7H         LINE#         1227
  C:391AH         LINE#         1228
  C:393CH         LINE#         1229
  C:3951H         LINE#         1230
  C:3974H         LINE#         1231
  C:3996H         LINE#         1232
  C:3999H         LINE#         1233
  C:3999H         LINE#         1234
BL51 BANKED LINKER/LOCATER V6.22                                                      11/15/2018  14:05:33  PAGE 23


  C:39BDH         LINE#         1235
  C:39C0H         LINE#         1236
  C:39C0H         LINE#         1237
  C:39E4H         LINE#         1241
  C:39E4H         LINE#         1242
  C:39E7H         LINE#         1243
  C:3A0AH         LINE#         1244
  C:3A2CH         LINE#         1245
  C:3A41H         LINE#         1246
  C:3A64H         LINE#         1247
  C:3A86H         LINE#         1248
  C:3A9BH         LINE#         1249
  C:3ABEH         LINE#         1250
  C:3AE0H         LINE#         1251
  C:3AE3H         LINE#         1252
  C:3AE3H         LINE#         1253
  C:3B03H         LINE#         1254
  C:3B06H         LINE#         1255
  C:3B06H         LINE#         1256
  C:3B26H         LINE#         1260
  C:3B26H         LINE#         1261
  C:3B29H         LINE#         1262
  C:3B4CH         LINE#         1263
  C:3B6EH         LINE#         1264
  C:3B83H         LINE#         1265
  C:3BA6H         LINE#         1266
  C:3BC8H         LINE#         1267
  C:3BDDH         LINE#         1268
  C:3C00H         LINE#         1269
  C:3C22H         LINE#         1270
  C:3C25H         LINE#         1271
  C:3C25H         LINE#         1272
  C:3C49H         LINE#         1273
  C:3C4CH         LINE#         1274
  C:3C4CH         LINE#         1275
  C:3C70H         LINE#         1279
  C:3C70H         LINE#         1280
  C:3C73H         LINE#         1281
  C:3C96H         LINE#         1282
  C:3CB8H         LINE#         1283
  C:3CCDH         LINE#         1284
  C:3CF0H         LINE#         1285
  C:3D12H         LINE#         1286
  C:3D27H         LINE#         1287
  C:3D4AH         LINE#         1288
  C:3D6CH         LINE#         1290
  C:3D6FH         LINE#         1291
  C:3D6FH         LINE#         1292
  C:3D8FH         LINE#         1293
  C:3D92H         LINE#         1294
  C:3D92H         LINE#         1295
  C:3DB2H         LINE#         1298
  C:3DB2H         LINE#         1299
  C:3DB5H         LINE#         1300
  C:3DD8H         LINE#         1301
  C:3DFAH         LINE#         1302
  C:3E0FH         LINE#         1303
BL51 BANKED LINKER/LOCATER V6.22                                                      11/15/2018  14:05:33  PAGE 24


  C:3E32H         LINE#         1304
  C:3E54H         LINE#         1305
  C:3E69H         LINE#         1306
  C:3E8CH         LINE#         1307
  C:3EAEH         LINE#         1309
  C:3EB1H         LINE#         1310
  C:3EB1H         LINE#         1311
  C:3ED5H         LINE#         1312
  C:3ED8H         LINE#         1313
  C:3ED8H         LINE#         1314
  C:3EFCH         LINE#         1317
  C:3EFCH         LINE#         1318
  C:3EFFH         LINE#         1319
  C:3F22H         LINE#         1320
  C:3F44H         LINE#         1321
  C:3F59H         LINE#         1322
  C:3F7CH         LINE#         1323
  C:3F9EH         LINE#         1324
  C:3FB3H         LINE#         1325
  C:3FD6H         LINE#         1326
  C:3FF8H         LINE#         1327
  C:3FFBH         LINE#         1328
  C:3FFBH         LINE#         1329
  C:401BH         LINE#         1330
  C:401EH         LINE#         1331
  C:401EH         LINE#         1332
  C:403EH         LINE#         1336
  C:4053H         LINE#         1337
  C:4062H         LINE#         1338
  C:4085H         LINE#         1339
  C:40A7H         LINE#         1340
  C:40BCH         LINE#         1341
  C:40DFH         LINE#         1342
  C:4101H         LINE#         1343
  C:4116H         LINE#         1344
  C:4139H         LINE#         1345
  C:415BH         LINE#         1347
  C:415EH         LINE#         1348
  C:4161H         LINE#         1349
  C:4161H         LINE#         1351
  C:4176H         LINE#         1352
  C:418BH         LINE#         1354
  C:418BH         LINE#         1355
  C:418EH         LINE#         1356
  C:418EH         LINE#         1358
  C:418EH         LINE#         1359
  C:418EH         LINE#         1361
  C:418EH         LINE#         1362
  C:418EH         LINE#         1364
  C:418EH         LINE#         1365
  C:418EH         LINE#         1367
  C:418EH         LINE#         1368
  C:418EH         LINE#         1369
  C:4191H         LINE#         1370
  C:41A6H         LINE#         1371
  C:41BBH         LINE#         1373
  C:41D0H         LINE#         1374
BL51 BANKED LINKER/LOCATER V6.22                                                      11/15/2018  14:05:33  PAGE 25


  C:41E5H         LINE#         1376
  C:41FAH         LINE#         1377
  C:420FH         LINE#         1378
  C:4212H         LINE#         1379
  C:4215H         LINE#         1380
  C:4220H         LINE#         1382
  C:422CH         LINE#         1383
  C:424FH         LINE#         1384
  C:4271H         LINE#         1385
  C:4286H         LINE#         1386
  C:42A9H         LINE#         1387
  C:42CBH         LINE#         1388
  C:42E0H         LINE#         1389
  C:4303H         LINE#         1390
  C:4325H         LINE#         1393
  C:4325H         LINE#         1394
  C:4328H         LINE#         1398
  C:4331H         LINE#         1399
  C:4331H         LINE#         1401
  C:4334H         LINE#         1402
  C:4334H         LINE#         1403
  C:4342H         LINE#         1405
  C:4351H         LINE#         1406
  C:4354H         LINE#         1407
  C:4354H         LINE#         1408
  C:4362H         LINE#         1410
  C:4371H         LINE#         1411
  C:4394H         LINE#         1414
  C:43B7H         LINE#         1415
  C:43D9H         LINE#         1416
  C:43EEH         LINE#         1417
  C:4411H         LINE#         1418
  C:4433H         LINE#         1419
  C:4448H         LINE#         1420
  C:446BH         LINE#         1421
  C:448DH         LINE#         1422
  C:4490H         LINE#         1423
  C:4490H         LINE#         1424
  C:44B4H         LINE#         1425
  C:44B7H         LINE#         1426
  C:44B7H         LINE#         1427
  C:44DBH         LINE#         1431
  C:44DBH         LINE#         1432
  C:44DEH         LINE#         1433
  C:4501H         LINE#         1434
  C:4523H         LINE#         1435
  C:4538H         LINE#         1436
  C:455BH         LINE#         1437
  C:457DH         LINE#         1438
  C:4592H         LINE#         1439
  C:45B5H         LINE#         1440
  C:45D7H         LINE#         1441
  C:45DAH         LINE#         1442
  C:45DAH         LINE#         1443
  C:45FDH         LINE#         1444
  C:4600H         LINE#         1445
  C:4600H         LINE#         1446
BL51 BANKED LINKER/LOCATER V6.22                                                      11/15/2018  14:05:33  PAGE 26


  C:4623H         LINE#         1450
  C:4623H         LINE#         1451
  C:4626H         LINE#         1452
  C:4649H         LINE#         1453
  C:466BH         LINE#         1454
  C:4680H         LINE#         1455
  C:46A3H         LINE#         1456
  C:46C5H         LINE#         1457
  C:46DAH         LINE#         1458
  C:46FDH         LINE#         1459
  C:471FH         LINE#         1460
  C:4722H         LINE#         1461
  C:4722H         LINE#         1462
  C:4746H         LINE#         1463
  C:4749H         LINE#         1464
  C:4749H         LINE#         1465
  C:476DH         LINE#         1469
  C:476DH         LINE#         1470
  C:4770H         LINE#         1471
  C:4793H         LINE#         1472
  C:47B5H         LINE#         1473
  C:47CAH         LINE#         1474
  C:47EDH         LINE#         1475
  C:480FH         LINE#         1476
  C:4824H         LINE#         1477
  C:4847H         LINE#         1478
  C:4869H         LINE#         1480
  C:486CH         LINE#         1481
  C:486CH         LINE#         1482
  C:488CH         LINE#         1483
  C:488FH         LINE#         1484
  C:488FH         LINE#         1485
  C:48AFH         LINE#         1488
  C:48AFH         LINE#         1489
  C:48B2H         LINE#         1490
  C:48D5H         LINE#         1491
  C:48F7H         LINE#         1492
  C:490CH         LINE#         1493
  C:492FH         LINE#         1494
  C:4951H         LINE#         1495
  C:4966H         LINE#         1496
  C:4989H         LINE#         1497
  C:49ABH         LINE#         1499
  C:49AEH         LINE#         1500
  C:49AEH         LINE#         1501
  C:49D2H         LINE#         1502
  C:49D5H         LINE#         1503
  C:49D5H         LINE#         1504
  C:49F9H         LINE#         1507
  C:49F9H         LINE#         1508
  C:49FCH         LINE#         1509
  C:4A1FH         LINE#         1510
  C:4A41H         LINE#         1511
  C:4A56H         LINE#         1512
  C:4A79H         LINE#         1513
  C:4A9BH         LINE#         1514
  C:4AB0H         LINE#         1515
BL51 BANKED LINKER/LOCATER V6.22                                                      11/15/2018  14:05:33  PAGE 27


  C:4AD3H         LINE#         1516
  C:4AF5H         LINE#         1517
  C:4AF8H         LINE#         1518
  C:4AF8H         LINE#         1519
  C:4B18H         LINE#         1520
  C:4B1BH         LINE#         1521
  C:4B1BH         LINE#         1522
  C:4B3BH         LINE#         1526
  C:4B50H         LINE#         1527
  C:4B5FH         LINE#         1528
  C:4B82H         LINE#         1529
  C:4BA4H         LINE#         1530
  C:4BB9H         LINE#         1531
  C:4BDCH         LINE#         1532
  C:4BFEH         LINE#         1533
  C:4C13H         LINE#         1534
  C:4C36H         LINE#         1535
  C:4C58H         LINE#         1537
  C:4C5BH         LINE#         1538
  C:4C5EH         LINE#         1539
  C:4C5EH         LINE#         1541
  C:4C73H         LINE#         1542
  C:4C88H         LINE#         1544
  C:4C88H         LINE#         1545
  C:4C8BH         LINE#         1546
  C:4C8BH         LINE#         1548
  C:4CA0H         LINE#         1549
  C:4CACH         LINE#         1551
  C:4CACH         LINE#         1552
  C:4CACH         LINE#         1554
  C:4CACH         LINE#         1555
  C:4CACH         LINE#         1557
  C:4CACH         LINE#         1558
  C:4CAFH         LINE#         1559
  C:4CC4H         LINE#         1560
  C:4CD9H         LINE#         1562
  C:4CEEH         LINE#         1563
  C:4D03H         LINE#         1565
  C:4D18H         LINE#         1566
  C:4D2DH         LINE#         1567
  C:4D30H         LINE#         1568
  C:4D33H         LINE#         1569
  C:4D3EH         LINE#         1571
  C:4D4AH         LINE#         1572
  C:4D6DH         LINE#         1573
  C:4D8FH         LINE#         1574
  C:4DA4H         LINE#         1575
  C:4DC7H         LINE#         1576
  C:4DE9H         LINE#         1577
  C:4DFEH         LINE#         1578
  C:4E21H         LINE#         1579
  C:4E43H         LINE#         1582
  C:4E43H         LINE#         1583
  C:4E46H         LINE#         1587
  C:4E4FH         LINE#         1588
  C:4E4FH         LINE#         1590
  C:4E52H         LINE#         1591
BL51 BANKED LINKER/LOCATER V6.22                                                      11/15/2018  14:05:33  PAGE 28


  C:4E52H         LINE#         1592
  C:4E60H         LINE#         1594
  C:4E6FH         LINE#         1595
  C:4E72H         LINE#         1596
  C:4E72H         LINE#         1597
  C:4E80H         LINE#         1599
  C:4E8FH         LINE#         1600
  C:4EB2H         LINE#         1603
  C:4ED5H         LINE#         1604
  C:4EF7H         LINE#         1605
  C:4F0CH         LINE#         1606
  C:4F2FH         LINE#         1607
  C:4F51H         LINE#         1608
  C:4F66H         LINE#         1609
  C:4F89H         LINE#         1610
  C:4FABH         LINE#         1611
  C:4FAEH         LINE#         1612
  C:4FAEH         LINE#         1613
  C:4FD2H         LINE#         1614
  C:4FD5H         LINE#         1615
  C:4FD5H         LINE#         1616
  C:4FF9H         LINE#         1620
  C:4FF9H         LINE#         1621
  C:4FFCH         LINE#         1622
  C:501FH         LINE#         1623
  C:5041H         LINE#         1624
  C:5056H         LINE#         1625
  C:5079H         LINE#         1626
  C:509BH         LINE#         1627
  C:50B0H         LINE#         1628
  C:50D3H         LINE#         1629
  C:50F5H         LINE#         1630
  C:50F8H         LINE#         1631
  C:50F8H         LINE#         1632
  C:5118H         LINE#         1633
  C:511BH         LINE#         1634
  C:511BH         LINE#         1635
  C:513BH         LINE#         1639
  C:513BH         LINE#         1640
  C:513EH         LINE#         1641
  C:5161H         LINE#         1642
  C:5183H         LINE#         1643
  C:5198H         LINE#         1644
  C:51BBH         LINE#         1645
  C:51DDH         LINE#         1646
  C:51F2H         LINE#         1647
  C:5215H         LINE#         1648
  C:5237H         LINE#         1649
  C:523AH         LINE#         1650
  C:523AH         LINE#         1651
  C:525EH         LINE#         1652
  C:5261H         LINE#         1653
  C:5261H         LINE#         1654
  C:5285H         LINE#         1658
  C:5285H         LINE#         1659
  C:5288H         LINE#         1660
  C:52ABH         LINE#         1661
BL51 BANKED LINKER/LOCATER V6.22                                                      11/15/2018  14:05:33  PAGE 29


  C:52CDH         LINE#         1662
  C:52E2H         LINE#         1663
  C:5305H         LINE#         1664
  C:5327H         LINE#         1665
  C:533CH         LINE#         1666
  C:535FH         LINE#         1667
  C:5381H         LINE#         1669
  C:5384H         LINE#         1670
  C:5384H         LINE#         1671
  C:53A4H         LINE#         1672
  C:53A7H         LINE#         1673
  C:53A7H         LINE#         1674
  C:53C7H         LINE#         1677
  C:53C7H         LINE#         1678
  C:53CAH         LINE#         1679
  C:53EDH         LINE#         1680
  C:540FH         LINE#         1681
  C:5424H         LINE#         1682
  C:5447H         LINE#         1683
  C:5469H         LINE#         1684
  C:547EH         LINE#         1685
  C:54A1H         LINE#         1686
  C:54C3H         LINE#         1688
  C:54C6H         LINE#         1689
  C:54C6H         LINE#         1690
  C:54EAH         LINE#         1691
  C:54EDH         LINE#         1692
  C:54EDH         LINE#         1693
  C:5511H         LINE#         1696
  C:5511H         LINE#         1697
  C:5514H         LINE#         1698
  C:5537H         LINE#         1699
  C:5559H         LINE#         1700
  C:556EH         LINE#         1701
  C:5591H         LINE#         1702
  C:55B3H         LINE#         1703
  C:55C8H         LINE#         1704
  C:55EBH         LINE#         1705
  C:560DH         LINE#         1706
  C:5610H         LINE#         1707
  C:5610H         LINE#         1708
  C:5630H         LINE#         1709
  C:5633H         LINE#         1710
  C:5633H         LINE#         1711
  C:5653H         LINE#         1715
  C:5668H         LINE#         1716
  C:5677H         LINE#         1717
  C:569AH         LINE#         1718
  C:56BCH         LINE#         1719
  C:56D1H         LINE#         1720
  C:56F4H         LINE#         1721
  C:5716H         LINE#         1722
  C:572BH         LINE#         1723
  C:574EH         LINE#         1724
  C:5770H         LINE#         1726
  C:5773H         LINE#         1727
  C:5776H         LINE#         1728
BL51 BANKED LINKER/LOCATER V6.22                                                      11/15/2018  14:05:33  PAGE 30


  C:5776H         LINE#         1730
  C:578BH         LINE#         1731
  C:57A0H         LINE#         1733
  C:57A0H         LINE#         1734
  C:57A3H         LINE#         1735
  C:57A3H         LINE#         1737
  C:57B8H         LINE#         1738
  C:57CDH         LINE#         1740
  C:57E2H         LINE#         1741
  C:57EEH         LINE#         1743
  C:57EEH         LINE#         1744
  C:57EEH         LINE#         1746
  C:57EEH         LINE#         1747
  C:57F1H         LINE#         1748
  C:5806H         LINE#         1749
  C:581BH         LINE#         1751
  C:5830H         LINE#         1752
  C:5845H         LINE#         1754
  C:585AH         LINE#         1755
  C:586FH         LINE#         1756
  C:5872H         LINE#         1757
  C:5875H         LINE#         1758
  C:5880H         LINE#         1760
  C:588CH         LINE#         1761
  C:58AFH         LINE#         1762
  C:58D1H         LINE#         1763
  C:58E6H         LINE#         1764
  C:5909H         LINE#         1765
  C:592BH         LINE#         1766
  C:5940H         LINE#         1767
  C:5963H         LINE#         1768
  C:5985H         LINE#         1771
  C:5985H         LINE#         1772
  C:5988H         LINE#         1776
  C:5991H         LINE#         1777
  C:5991H         LINE#         1779
  C:5994H         LINE#         1780
  C:5994H         LINE#         1781
  C:59A2H         LINE#         1783
  C:59B1H         LINE#         1784
  C:59B4H         LINE#         1785
  C:59B4H         LINE#         1786
  C:59C2H         LINE#         1788
  C:59D1H         LINE#         1789
  C:59F4H         LINE#         1792
  C:5A17H         LINE#         1793
  C:5A39H         LINE#         1794
  C:5A4EH         LINE#         1795
  C:5A71H         LINE#         1796
  C:5A93H         LINE#         1797
  C:5AA8H         LINE#         1798
  C:5ACBH         LINE#         1799
  C:5AEDH         LINE#         1800
  C:5AF0H         LINE#         1801
  C:5AF0H         LINE#         1802
  C:5B0EH         LINE#         1803
  C:5B11H         LINE#         1804
BL51 BANKED LINKER/LOCATER V6.22                                                      11/15/2018  14:05:33  PAGE 31


  C:5B11H         LINE#         1805
  C:5B31H         LINE#         1809
  C:5B31H         LINE#         1810
  C:5B34H         LINE#         1811
  C:5B57H         LINE#         1812
  C:5B79H         LINE#         1813
  C:5B8EH         LINE#         1814
  C:5BB1H         LINE#         1815
  C:5BD3H         LINE#         1816
  C:5BE8H         LINE#         1817
  C:5C0BH         LINE#         1818
  C:5C2DH         LINE#         1819
  C:5C30H         LINE#         1820
  C:5C30H         LINE#         1821
  C:5C50H         LINE#         1822
  C:5C53H         LINE#         1823
  C:5C53H         LINE#         1824
  C:5C73H         LINE#         1828
  C:5C73H         LINE#         1829
  C:5C76H         LINE#         1830
  C:5C99H         LINE#         1831
  C:5CBBH         LINE#         1832
  C:5CD0H         LINE#         1833
  C:5CF3H         LINE#         1834
  C:5D15H         LINE#         1835
  C:5D2AH         LINE#         1836
  C:5D4DH         LINE#         1837
  C:5D6FH         LINE#         1838
  C:5D72H         LINE#         1839
  C:5D72H         LINE#         1840
  C:5D96H         LINE#         1841
  C:5D99H         LINE#         1842
  C:5D99H         LINE#         1843
  C:5DBDH         LINE#         1847
  C:5DBDH         LINE#         1848
  C:5DC0H         LINE#         1849
  C:5DE3H         LINE#         1850
  C:5E05H         LINE#         1851
  C:5E1AH         LINE#         1852
  C:5E3DH         LINE#         1853
  C:5E5FH         LINE#         1854
  C:5E74H         LINE#         1855
  C:5E97H         LINE#         1856
  C:5EB9H         LINE#         1858
  C:5EBCH         LINE#         1859
  C:5EBCH         LINE#         1860
  C:5EDCH         LINE#         1861
  C:5EDFH         LINE#         1862
  C:5EDFH         LINE#         1863
  C:5EFFH         LINE#         1866
  C:5EFFH         LINE#         1867
  C:5F02H         LINE#         1868
  C:5F25H         LINE#         1869
  C:5F47H         LINE#         1870
  C:5F5CH         LINE#         1871
  C:5F7FH         LINE#         1872
  C:5FA1H         LINE#         1873
BL51 BANKED LINKER/LOCATER V6.22                                                      11/15/2018  14:05:33  PAGE 32


  C:5FB6H         LINE#         1874
  C:5FD9H         LINE#         1875
  C:5FFBH         LINE#         1877
  C:5FFEH         LINE#         1878
  C:5FFEH         LINE#         1879
  C:6022H         LINE#         1880
  C:6025H         LINE#         1881
  C:6025H         LINE#         1882
  C:6049H         LINE#         1885
  C:6049H         LINE#         1886
  C:604CH         LINE#         1887
  C:606FH         LINE#         1888
  C:6091H         LINE#         1889
  C:60A6H         LINE#         1890
  C:60C9H         LINE#         1891
  C:60EBH         LINE#         1892
  C:6100H         LINE#         1893
  C:6123H         LINE#         1894
  C:6145H         LINE#         1895
  C:6148H         LINE#         1896
  C:6148H         LINE#         1897
  C:6168H         LINE#         1898
  C:616BH         LINE#         1899
  C:616BH         LINE#         1900
  C:618BH         LINE#         1904
  C:61A0H         LINE#         1905
  C:61AFH         LINE#         1906
  C:61D2H         LINE#         1907
  C:61F4H         LINE#         1908
  C:6209H         LINE#         1909
  C:622CH         LINE#         1910
  C:624EH         LINE#         1911
  C:6263H         LINE#         1912
  C:6286H         LINE#         1913
  C:62A8H         LINE#         1915
  C:62ABH         LINE#         1916
  C:62AEH         LINE#         1917
  C:62AEH         LINE#         1919
  C:62C3H         LINE#         1920
  C:62D8H         LINE#         1922
  C:62D8H         LINE#         1923
  C:62DBH         LINE#         1924
  C:62DBH         LINE#         1926
  C:62F0H         LINE#         1927
  C:6305H         LINE#         1929
  C:631AH         LINE#         1930
  C:632FH         LINE#         1932
  C:6344H         LINE#         1933
  C:6350H         LINE#         1935
  C:6350H         LINE#         1936
  C:6353H         LINE#         1937
  C:6368H         LINE#         1938
  C:637DH         LINE#         1940
  C:6392H         LINE#         1941
  C:63A7H         LINE#         1943
  C:63BCH         LINE#         1944
  C:63D1H         LINE#         1945
BL51 BANKED LINKER/LOCATER V6.22                                                      11/15/2018  14:05:33  PAGE 33


  C:63D4H         LINE#         1946
  C:63D7H         LINE#         1947
  C:63E2H         LINE#         1949
  C:63EEH         LINE#         1950
  C:6411H         LINE#         1951
  C:6433H         LINE#         1952
  C:6448H         LINE#         1953
  C:646BH         LINE#         1954
  C:648DH         LINE#         1955
  C:64A2H         LINE#         1956
  C:64C5H         LINE#         1957
  C:64E7H         LINE#         1960
  C:64E7H         LINE#         1961
  C:64EAH         LINE#         1965
  C:64F3H         LINE#         1966
  C:64F3H         LINE#         1968
  C:64F6H         LINE#         1969
  C:64F6H         LINE#         1970
  C:6504H         LINE#         1972
  C:6513H         LINE#         1973
  C:6516H         LINE#         1974
  C:6516H         LINE#         1975
  C:6524H         LINE#         1977
  C:6533H         LINE#         1978
  C:6556H         LINE#         1981
  C:6579H         LINE#         1982
  C:659BH         LINE#         1983
  C:65B0H         LINE#         1984
  C:65D3H         LINE#         1985
  C:65F5H         LINE#         1986
  C:660AH         LINE#         1987
  C:662DH         LINE#         1988
  C:664FH         LINE#         1989
  C:6652H         LINE#         1990
  C:6652H         LINE#         1991
  C:6670H         LINE#         1992
  C:6673H         LINE#         1993
  C:6673H         LINE#         1994
  C:6693H         LINE#         1998
  C:6693H         LINE#         1999
  C:6696H         LINE#         2000
  C:66B9H         LINE#         2001
  C:66DBH         LINE#         2002
  C:66F0H         LINE#         2003
  C:6713H         LINE#         2004
  C:6735H         LINE#         2005
  C:674AH         LINE#         2006
  C:676DH         LINE#         2007
  C:678FH         LINE#         2008
  C:6792H         LINE#         2009
  C:6792H         LINE#         2010
  C:67B2H         LINE#         2011
  C:67B5H         LINE#         2012
  C:67B5H         LINE#         2013
  C:67D5H         LINE#         2017
  C:67D5H         LINE#         2018
  C:67D8H         LINE#         2019
BL51 BANKED LINKER/LOCATER V6.22                                                      11/15/2018  14:05:33  PAGE 34


  C:67FBH         LINE#         2020
  C:681DH         LINE#         2021
  C:6832H         LINE#         2022
  C:6855H         LINE#         2023
  C:6877H         LINE#         2024
  C:688CH         LINE#         2025
  C:68AFH         LINE#         2026
  C:68D1H         LINE#         2027
  C:68D4H         LINE#         2028
  C:68D4H         LINE#         2029
  C:68F8H         LINE#         2030
  C:68FBH         LINE#         2031
  C:68FBH         LINE#         2032
  C:691FH         LINE#         2036
  C:691FH         LINE#         2037
  C:6922H         LINE#         2038
  C:6945H         LINE#         2039
  C:6967H         LINE#         2040
  C:697CH         LINE#         2041
  C:699FH         LINE#         2042
  C:69C1H         LINE#         2043
  C:69D6H         LINE#         2044
  C:69F9H         LINE#         2045
  C:6A1BH         LINE#         2047
  C:6A1EH         LINE#         2048
  C:6A1EH         LINE#         2049
  C:6A3EH         LINE#         2050
  C:6A41H         LINE#         2051
  C:6A41H         LINE#         2052
  C:6A61H         LINE#         2055
  C:6A61H         LINE#         2056
  C:6A64H         LINE#         2057
  C:6A87H         LINE#         2058
  C:6AA9H         LINE#         2059
  C:6ABEH         LINE#         2060
  C:6AE1H         LINE#         2061
  C:6B03H         LINE#         2062
  C:6B18H         LINE#         2063
  C:6B3BH         LINE#         2064
  C:6B5DH         LINE#         2066
  C:6B60H         LINE#         2067
  C:6B60H         LINE#         2068
  C:6B84H         LINE#         2069
  C:6B87H         LINE#         2070
  C:6B87H         LINE#         2071
  C:6BABH         LINE#         2074
  C:6BABH         LINE#         2075
  C:6BAEH         LINE#         2076
  C:6BD1H         LINE#         2077
  C:6BF3H         LINE#         2078
  C:6C08H         LINE#         2079
  C:6C2BH         LINE#         2080
  C:6C4DH         LINE#         2081
  C:6C62H         LINE#         2082
  C:6C85H         LINE#         2083
  C:6CA7H         LINE#         2084
  C:6CAAH         LINE#         2085
BL51 BANKED LINKER/LOCATER V6.22                                                      11/15/2018  14:05:33  PAGE 35


  C:6CAAH         LINE#         2086
  C:6CCAH         LINE#         2087
  C:6CCDH         LINE#         2088
  C:6CCDH         LINE#         2089
  C:6CEDH         LINE#         2093
  C:6D02H         LINE#         2094
  C:6D11H         LINE#         2095
  C:6D34H         LINE#         2096
  C:6D56H         LINE#         2097
  C:6D6BH         LINE#         2098
  C:6D8EH         LINE#         2099
  C:6DB0H         LINE#         2100
  C:6DC5H         LINE#         2101
  C:6DE8H         LINE#         2102
  C:6E0AH         LINE#         2104
  C:6E0DH         LINE#         2105
  C:6E10H         LINE#         2106
  C:6E10H         LINE#         2108
  C:6E25H         LINE#         2109
  C:6E3AH         LINE#         2111
  C:6E3AH         LINE#         2112
  C:6E3DH         LINE#         2113
  C:6E3DH         LINE#         2115
  C:6E52H         LINE#         2116
  C:6E67H         LINE#         2118
  C:6E7CH         LINE#         2119
  C:6E91H         LINE#         2121
  C:6EA6H         LINE#         2122
  C:6EBBH         LINE#         2124
  C:6ED0H         LINE#         2125
  C:6EE8H         LINE#         2126
  C:6EFDH         LINE#         2127
  C:6F12H         LINE#         2129
  C:6F27H         LINE#         2130
  C:6F3CH         LINE#         2132
  C:6F51H         LINE#         2133
  C:6F66H         LINE#         2135
  C:6F7BH         LINE#         2136
  C:6F90H         LINE#         2138
  C:6FA5H         LINE#         2139
  C:6FBAH         LINE#         2141
  C:6FCFH         LINE#         2142
  C:6FE4H         LINE#         2144
  C:6FE7H         LINE#         2145
  C:6FEAH         LINE#         2146
  C:6FEAH         LINE#         2148
  C:6FFFH         LINE#         2149
  C:7014H         LINE#         2167
  C:7014H         LINE#         2179
  -------         ENDPROC       MAIN
  -------         PROC          LCDDISPLAY
  C:7FAFH         LINE#         2228
  C:7FAFH         LINE#         2229
  C:7FC6H         LINE#         2231
  C:7FD1H         LINE#         2232
  C:7FDBH         LINE#         2233
  C:7FE0H         LINE#         2234
BL51 BANKED LINKER/LOCATER V6.22                                                      11/15/2018  14:05:33  PAGE 36


  C:7FEBH         LINE#         2235
  C:7FF5H         LINE#         2236
  C:7FFAH         LINE#         2237
  C:8005H         LINE#         2238
  C:800FH         LINE#         2240
  C:8014H         LINE#         2241
  C:8019H         LINE#         2242
  C:801EH         LINE#         2243
  C:8029H         LINE#         2244
  C:8033H         LINE#         2245
  C:8038H         LINE#         2246
  C:8043H         LINE#         2247
  C:804DH         LINE#         2248
  C:8052H         LINE#         2249
  C:805DH         LINE#         2250
  C:8067H         LINE#         2251
  C:806CH         LINE#         2252
  -------         ENDPROC       LCDDISPLAY
  -------         PROC          INT0CONFIGURATION
  C:8927H         LINE#         2261
  C:8927H         LINE#         2262
  C:8927H         LINE#         2264
  C:8929H         LINE#         2265
  C:892BH         LINE#         2266
  C:892DH         LINE#         2267
  -------         ENDPROC       INT0CONFIGURATION
  -------         PROC          TIMER0
  -------         DO            
  D:0008H         SYMBOL        i
  -------         ENDDO         
  C:8194H         LINE#         2274
[...]
  -------         DO            
  D:0001H         SYMBOL        i
  D:0054H         SYMBOL        n
  -------         ENDDO         
  C:8725H         LINE#         228
  C:8725H         LINE#         229
  C:8725H         LINE#         231
  C:8727H         LINE#         232
BL51 BANKED LINKER/LOCATER V6.22                                                      11/15/2018  14:05:33  PAGE 45


  C:8727H         LINE#         233
  C:8727H         LINE#         234
  C:8727H         LINE#         235
  C:872AH         LINE#         236
  C:8740H         LINE#         237
  C:8744H         LINE#         238
  -------         ENDPROC       OLED_CLEAR
  -------         PROC          OLED_ON
  -------         DO            
  D:0001H         SYMBOL        i
  D:007EH         SYMBOL        n
  -------         ENDDO         
  C:8704H         LINE#         239
  C:8704H         LINE#         240
  C:8704H         LINE#         242
  C:8706H         LINE#         243
  C:8706H         LINE#         244
  C:8706H         LINE#         245
  C:8706H         LINE#         246
  C:8709H         LINE#         247
  C:8720H         LINE#         248
  C:8724H         LINE#         249
  -------         ENDPROC       OLED_ON
  -------         PROC          _OLED_SHOWCHAR
  D:0069H         SYMBOL        x
  D:006AH         SYMBOL        y
  D:0003H         SYMBOL        chr
  D:006CH         SYMBOL        Char_Size
  -------         DO            
  D:006DH         SYMBOL        c
  D:0001H         SYMBOL        i
  -------         ENDDO         
  C:8076H         LINE#         255
  C:807AH         LINE#         256
  C:807AH         LINE#         257
  C:807EH         LINE#         258
  C:8083H         LINE#         259
  C:8091H         LINE#         260
  C:8097H         LINE#         261
  C:8097H         LINE#         262
  C:809EH         LINE#         263
  C:80A0H         LINE#         264
  C:80CAH         LINE#         265
  C:80D3H         LINE#         266
  C:80D5H         LINE#         267
  C:8100H         LINE#         268
  C:8100H         LINE#         269
  C:8100H         LINE#         270
  C:8107H         LINE#         274
  C:8107H         LINE#         275
  -------         ENDPROC       _OLED_SHOWCHAR
  -------         PROC          _OLED_POW
  D:0069H         SYMBOL        m
  D:0001H         SYMBOL        n
  -------         DO            
  D:0006H         SYMBOL        result
  -------         ENDDO         
BL51 BANKED LINKER/LOCATER V6.22                                                      11/15/2018  14:05:33  PAGE 46


  C:87D2H         LINE#         277
  C:87D6H         LINE#         278
  C:87D6H         LINE#         279
  C:87DAH         LINE#         280
  C:87E9H         LINE#         281
  C:87E9H         LINE#         282
  -------         ENDPROC       _OLED_POW
  -------         PROC          _OLED_SHOWNUM
  D:0060H         SYMBOL        x
  D:0061H         SYMBOL        y
  D:0062H         SYMBOL        num
  D:0064H         SYMBOL        len
  D:0065H         SYMBOL        size2
  -------         DO            
  D:0066H         SYMBOL        t
  D:0067H         SYMBOL        temp
  D:0068H         SYMBOL        enshow
  -------         ENDDO         
  C:8212H         LINE#         289
  C:821AH         LINE#         290
  C:821AH         LINE#         292
  C:821DH         LINE#         293
  C:8226H         LINE#         294
  C:8226H         LINE#         295
  C:8248H         LINE#         296
  C:8256H         LINE#         297
  C:8256H         LINE#         298
  C:825AH         LINE#         299
  C:825AH         LINE#         300
  C:826AH         LINE#         301
  C:826CH         LINE#         302
  C:826FH         LINE#         304
  C:826FH         LINE#         305
  C:8287H         LINE#         306
  C:828BH         LINE#         307
  -------         ENDPROC       _OLED_SHOWNUM
  -------         PROC          _OLED_SHOWSTRING
  D:0075H         SYMBOL        x
  D:0076H         SYMBOL        y
  D:0077H         SYMBOL        chr
  D:007AH         SYMBOL        Char_Size
  -------         DO            
  D:007BH         SYMBOL        j
  -------         ENDDO         
  C:8519H         LINE#         309
  C:8523H         LINE#         310
  C:8523H         LINE#         311
  C:8526H         LINE#         312
  C:8538H         LINE#         313
  C:8542H         LINE#         314
  C:8548H         LINE#         315
  C:8554H         LINE#         316
  C:8556H         LINE#         317
  C:8558H         LINE#         318
  -------         ENDPROC       _OLED_SHOWSTRING
  -------         PROC          _OLED_DRAWBMP
  D:0054H         SYMBOL        x0
BL51 BANKED LINKER/LOCATER V6.22                                                      11/15/2018  14:05:33  PAGE 47


  D:0005H         SYMBOL        y0
  D:0056H         SYMBOL        x1
  D:0057H         SYMBOL        y1
  D:0058H         SYMBOL        BMP
  -------         DO            
  D:005BH         SYMBOL        j
  D:005DH         SYMBOL        x
  D:005EH         SYMBOL        y
  -------         ENDDO         
  C:8302H         LINE#         322
  C:8306H         LINE#         323
  C:8306H         LINE#         324
  C:830BH         LINE#         327
  C:831CH         LINE#         328
  C:8326H         LINE#         329
  C:832FH         LINE#         330
  C:832FH         LINE#         331
  C:8336H         LINE#         332
  C:8340H         LINE#         333
  C:8340H         LINE#         334
  C:8362H         LINE#         335
  C:8366H         LINE#         336
  C:836AH         LINE#         337
  -------         ENDPROC       _OLED_DRAWBMP
  -------         PROC          OLED_INIT
  C:7ECFH         LINE#         340
  C:7ECFH         LINE#         341
  C:7ECFH         LINE#         343
  C:7ED5H         LINE#         344
  C:7ED5H         LINE#         345
  C:7ED8H         LINE#         346
  C:7EE1H         LINE#         347
  C:7EEAH         LINE#         348
  C:7EF3H         LINE#         349
  C:7EFCH         LINE#         350
  C:7F05H         LINE#         351
  C:7F0EH         LINE#         352
  C:7F17H         LINE#         353
  C:7F20H         LINE#         354
  C:7F29H         LINE#         355
  C:7F32H         LINE#         356
  C:7F3AH         LINE#         358
  C:7F43H         LINE#         359
  C:7F4CH         LINE#         361
  C:7F55H         LINE#         362
  C:7F5EH         LINE#         364
  C:7F67H         LINE#         365
  C:7F70H         LINE#         367
  C:7F79H         LINE#         368
  C:7F82H         LINE#         370
  C:7F8BH         LINE#         371
  C:7F94H         LINE#         373
  C:7F9DH         LINE#         374
  C:7FA6H         LINE#         376
  -------         ENDPROC       OLED_INIT
  -------         ENDMOD        OLED

BL51 BANKED LINKER/LOCATER V6.22                                                      11/15/2018  14:05:33  PAGE 48


  -------         MODULE        TEMP
  C:0000H         SYMBOL        _ICE_DUMMY_
  C:8801H         PUBLIC        Ds18b20ReadTemp
  D:00B0H         PUBLIC        P3
  C:8781H         PUBLIC        _Delay1ms
  C:84A2H         PUBLIC        _Ds18b20WriteByte
  C:891FH         PUBLIC        Ds18b20ReadTempCom
  B:00B0H.7       PUBLIC        DSPORT
  C:0003H         PUBLIC        Ds18b20ChangTemp
  C:8559H         PUBLIC        Ds18b20ReadByte
  C:8624H         PUBLIC        Ds18b20Init
  -------         PROC          _DELAY1MS
  D:0006H         SYMBOL        y
  -------         DO            
  D:0004H         SYMBOL        x
  -------         ENDDO         
  C:8781H         LINE#         9
  C:8781H         LINE#         10
  C:8781H         LINE#         12
  C:878AH         LINE#         13
  C:879EH         LINE#         14
  -------         ENDPROC       _DELAY1MS
  -------         PROC          DS18B20INIT
  -------         DO            
  D:0006H         SYMBOL        i
  -------         ENDDO         
  C:8624H         LINE#         22
  C:8624H         LINE#         23
  C:8624H         LINE#         25
  C:8626H         LINE#         26
  C:862AH         LINE#         27
  C:8634H         LINE#         28
  C:8636H         LINE#         29
  C:8639H         LINE#         30
  C:863CH         LINE#         31
  C:863CH         LINE#         32
  C:8641H         LINE#         33
  C:864AH         LINE#         34
  C:864DH         LINE#         35
  C:864DH         LINE#         36
  C:864FH         LINE#         37
  -------         ENDPROC       DS18B20INIT
  -------         PROC          L?0041
  -------         ENDPROC       L?0041
  -------         PROC          _DS18B20WRITEBYTE
  D:0007H         SYMBOL        dat
  -------         DO            
  D:0055H         SYMBOL        i
  D:0002H         SYMBOL        j
  -------         ENDDO         
  C:84A2H         LINE#         46
  C:84A2H         LINE#         47
  C:84A2H         LINE#         49
  C:84A5H         LINE#         50
  C:84A5H         LINE#         51
  C:84A7H         LINE#         52
  C:84AFH         LINE#         53
BL51 BANKED LINKER/LOCATER V6.22                                                      11/15/2018  14:05:33  PAGE 49


  C:84B3H         LINE#         54
  C:84B9H         LINE#         55
  C:84C6H         LINE#         56
  C:84C8H         LINE#         57
  C:84CCH         LINE#         58
  C:84D7H         LINE#         59
  -------         ENDPROC       _DS18B20WRITEBYTE
  -------         PROC          DS18B20READBYTE
  -------         DO            
  D:0001H         SYMBOL        byte
  D:0003H         SYMBOL        bi
  D:0006H         SYMBOL        i
  D:0004H         SYMBOL        j
  -------         ENDDO         
  C:8559H         LINE#         68
  C:8559H         LINE#         69
  C:8559H         LINE#         72
  C:855DH         LINE#         73
  C:855DH         LINE#         74
  C:855FH         LINE#         75
  C:8563H         LINE#         76
  C:8565H         LINE#         77
  C:8569H         LINE#         78
  C:856DH         LINE#         79
  C:8571H         LINE#         81
  C:857DH         LINE#         82
  C:8581H         LINE#         83
  C:858BH         LINE#         84
  C:8594H         LINE#         85
  C:8596H         LINE#         86
  -------         ENDPROC       DS18B20READBYTE
  -------         PROC          DS18B20CHANGTEMP
  C:0003H         LINE#         94
  C:0003H         LINE#         95
  C:0003H         LINE#         96
  C:0003H         LINE#         97
  C:0003H         LINE#         98
  C:0006H         LINE#         99
  -------         ENDPROC       DS18B20CHANGTEMP
  -------         PROC          DS18B20READTEMPCOM
  C:891FH         LINE#         110
  C:891FH         LINE#         111
  C:891FH         LINE#         113
  C:891FH         LINE#         114
  C:891FH         LINE#         115
  C:8922H         LINE#         116
  -------         ENDPROC       DS18B20READTEMPCOM
  -------         PROC          DS18B20READTEMP
  -------         DO            
  D:0006H         SYMBOL        temp
  D:0007H         SYMBOL        tmh
  D:0054H         SYMBOL        tml
  -------         ENDDO         
  C:8801H         LINE#         125
  C:8801H         LINE#         126
  C:8801H         LINE#         127
  C:8804H         LINE#         129
BL51 BANKED LINKER/LOCATER V6.22                                                      11/15/2018  14:05:33  PAGE 50


  C:8807H         LINE#         130
  C:880AH         LINE#         131
  C:880FH         LINE#         132
  C:8812H         LINE#         133
  C:8812H         LINE#         134
  C:8814H         LINE#         135
  C:8817H         LINE#         136
  C:8817H         LINE#         137
  -------         ENDPROC       DS18B20READTEMP
  -------         ENDMOD        TEMP

  -------         MODULE        I2C
  C:0000H         SYMBOL        _ICE_DUMMY_
  D:00A0H         PUBLIC        P2
  C:84D8H         PUBLIC        _I2cSendByte
  C:890CH         PUBLIC        I2cStop
  C:88ECH         PUBLIC        Delay10us
  B:00A0H.0       PUBLIC        SDA
  C:86E2H         PUBLIC        _At24c02Read
  B:00A0H.1       PUBLIC        SCL
  C:88AEH         PUBLIC        I2cStart
  C:87B9H         PUBLIC        _At24c02Write
  C:8676H         PUBLIC        I2cReadByte
  C:88E7H         SYMBOL        L?0024
  -------         PROC          L?0023
  -------         ENDPROC       L?0023
  C:88E7H         SYMBOL        L?0024
  -------         PROC          DELAY10US
  -------         DO            
  D:0006H         SYMBOL        a
  D:0007H         SYMBOL        b
  -------         ENDDO         
  C:88ECH         LINE#         10
  C:88ECH         LINE#         11
  C:88ECH         LINE#         13
  C:88EEH         LINE#         14
  C:88F4H         LINE#         16
  -------         ENDPROC       DELAY10US
  -------         PROC          I2CSTART
  C:88AEH         LINE#         25
  C:88AEH         LINE#         26
  C:88AEH         LINE#         27
  C:88B0H         LINE#         28
  C:88B0H         LINE#         29
  C:88B0H         LINE#         30
  C:88B3H         LINE#         31
  C:88B5H         LINE#         32
  C:88B8H         LINE#         33
  C:88BAH         LINE#         34
  -------         ENDPROC       I2CSTART
  -------         PROC          I2CSTOP
  C:890CH         LINE#         44
  C:890CH         LINE#         45
  C:890CH         LINE#         46
  C:890EH         LINE#         47
  C:890EH         LINE#         48
  C:890EH         LINE#         49
BL51 BANKED LINKER/LOCATER V6.22                                                      11/15/2018  14:05:33  PAGE 51


  C:8911H         LINE#         50
  C:8913H         LINE#         51
  -------         ENDPROC       I2CSTOP
  -------         PROC          _I2CSENDBYTE
  D:0005H         SYMBOL        dat
  -------         DO            
  D:0003H         SYMBOL        a
  D:0002H         SYMBOL        b
  -------         ENDDO         
  C:84D8H         LINE#         61
  C:84DAH         LINE#         62
  C:84DAH         LINE#         63
  C:84DDH         LINE#         64
  C:84DDH         LINE#         65
  C:84DDH         LINE#         66
  C:84E8H         LINE#         67
  C:84ECH         LINE#         68
  C:84ECH         LINE#         69
  C:84ECH         LINE#         70
  C:84EFH         LINE#         71
  C:84F1H         LINE#         72
  C:84F4H         LINE#         73
  C:84F8H         LINE#         74
  C:84FAH         LINE#         75
  C:84FDH         LINE#         76
  C:84FFH         LINE#         77
  C:8502H         LINE#         78
  C:8502H         LINE#         79
  C:8503H         LINE#         80
  C:8509H         LINE#         81
  C:8509H         LINE#         82
  C:850BH         LINE#         83
  C:850EH         LINE#         84
  C:8511H         LINE#         85
  C:8511H         LINE#         86
  C:8511H         LINE#         87
  C:8513H         LINE#         88
  C:8516H         LINE#         89
  C:8518H         LINE#         90
  -------         ENDPROC       _I2CSENDBYTE
  -------         PROC          I2CREADBYTE
  -------         DO            
  D:0005H         SYMBOL        a
  D:0004H         SYMBOL        dat
  -------         ENDDO         
  C:8676H         LINE#         99
  C:8676H         LINE#         100
  C:8676H         LINE#         101
  C:8679H         LINE#         102
  C:867BH         LINE#         103
  C:867EH         LINE#         104
  C:867EH         LINE#         105
  C:867EH         LINE#         106
  C:8680H         LINE#         107
  C:8683H         LINE#         108
  C:8687H         LINE#         109
  C:868DH         LINE#         110
BL51 BANKED LINKER/LOCATER V6.22                                                      11/15/2018  14:05:33  PAGE 52


  C:8690H         LINE#         111
  C:8692H         LINE#         112
  C:8695H         LINE#         113
  C:8699H         LINE#         114
  C:869BH         LINE#         115
  -------         ENDPROC       I2CREADBYTE
  -------         PROC          _AT24C02WRITE
  D:0001H         SYMBOL        addr
  D:0004H         SYMBOL        dat
  C:87B9H         LINE#         125
  C:87BDH         LINE#         126
  C:87BDH         LINE#         127
  C:87C0H         LINE#         128
  C:87C5H         LINE#         129
  C:87CAH         LINE#         130
  C:87CFH         LINE#         131
  -------         ENDPROC       _AT24C02WRITE
  -------         PROC          _AT24C02READ
  D:0004H         SYMBOL        addr
  -------         DO            
  D:0005H         SYMBOL        num
  -------         ENDDO         
  C:86E2H         LINE#         140
  C:86E4H         LINE#         141
  C:86E4H         LINE#         143
  C:86E7H         LINE#         144
  C:86ECH         LINE#         145
  C:86F1H         LINE#         146
  C:86F4H         LINE#         147
  C:86F9H         LINE#         148
  C:86FEH         LINE#         149
  C:8701H         LINE#         150
  C:8703H         LINE#         151
  -------         ENDPROC       _AT24C02READ
  -------         ENDMOD        I2C

  -------         MODULE        ?C?FPADD
  C:7926H         PUBLIC        ?C?FPADD
  C:7922H         PUBLIC        ?C?FPSUB
  -------         ENDMOD        ?C?FPADD

  -------         MODULE        ?C?FPMUL
  C:7A17H         PUBLIC        ?C?FPMUL
  -------         ENDMOD        ?C?FPMUL

  -------         MODULE        ?C?FCAST
  C:7B27H         PUBLIC        ?C?FCASTC
  C:7B22H         PUBLIC        ?C?FCASTI
  C:7B1DH         PUBLIC        ?C?FCASTL
  -------         ENDMOD        ?C?FCAST

  -------         MODULE        ?C?CASTF
  C:7B5BH         PUBLIC        ?C?CASTF
  -------         ENDMOD        ?C?CASTF

  -------         MODULE        ?C?COPY
  C:7CACH         PUBLIC        ?C?COPY
BL51 BANKED LINKER/LOCATER V6.22                                                      11/15/2018  14:05:33  PAGE 53


  -------         ENDMOD        ?C?COPY

  -------         MODULE        ?C?CLDOPTR
  C:7CD2H         PUBLIC        ?C?CLDOPTR
  -------         ENDMOD        ?C?CLDOPTR

  -------         MODULE        ?C?IMUL
  C:7CFFH         PUBLIC        ?C?IMUL
  -------         ENDMOD        ?C?IMUL

  -------         MODULE        ?C?UIDIV
  C:7D11H         PUBLIC        ?C?UIDIV
  -------         ENDMOD        ?C?UIDIV

  -------         MODULE        ?C?SIDIV
  C:7D66H         PUBLIC        ?C?SIDIV
  -------         ENDMOD        ?C?SIDIV

  -------         MODULE        ?C?LNEG
  C:7D9CH         PUBLIC        ?C?LNEG
  -------         ENDMOD        ?C?LNEG

*** WARNING L16: UNCALLED SEGMENT, IGNORED FOR OVERLAY PROCESS
    SEGMENT: ?PR?LCDDISPLAY?MAIN

*** WARNING L16: UNCALLED SEGMENT, IGNORED FOR OVERLAY PROCESS
    SEGMENT: ?PR?LCDINIT?LCD

*** WARNING L16: UNCALLED SEGMENT, IGNORED FOR OVERLAY PROCESS
    SEGMENT: ?PR?_DELAY_MS?OLED

*** WARNING L16: UNCALLED SEGMENT, IGNORED FOR OVERLAY PROCESS
    SEGMENT: ?PR?_FILL_PICTURE?OLED

*** WARNING L16: UNCALLED SEGMENT, IGNORED FOR OVERLAY PROCESS
    SEGMENT: ?PR?_DELAY_50MS?OLED

*** WARNING L16: UNCALLED SEGMENT, IGNORED FOR OVERLAY PROCESS
    SEGMENT: ?PR?_DELAY_1MS?OLED

*** WARNING L16: UNCALLED SEGMENT, IGNORED FOR OVERLAY PROCESS
    SEGMENT: ?PR?OLED_DISPLAY_ON?OLED

*** WARNING L16: UNCALLED SEGMENT, IGNORED FOR OVERLAY PROCESS
    SEGMENT: ?PR?OLED_DISPLAY_OFF?OLED

*** WARNING L16: UNCALLED SEGMENT, IGNORED FOR OVERLAY PROCESS
    SEGMENT: ?PR?OLED_ON?OLED

*** WARNING L16: UNCALLED SEGMENT, IGNORED FOR OVERLAY PROCESS
    SEGMENT: ?PR?_OLED_SHOWSTRING?OLED

*** WARNING L16: UNCALLED SEGMENT, IGNORED FOR OVERLAY PROCESS
    SEGMENT: ?PR?_AT24C02WRITE?I2C

*** WARNING L16: UNCALLED SEGMENT, IGNORED FOR OVERLAY PROCESS
    SEGMENT: ?PR?_AT24C02READ?I2C
BL51 BANKED LINKER/LOCATER V6.22                                                      11/15/2018  14:05:33  PAGE 54



Program Size: data=128.0 xdata=0 code=35124
LINK/LOCATE RUN COMPLETE.  12 WARNING(S),  0 ERROR(S)
